Archive member included to satisfy reference by file (symbol)

c:/st/stm32cubeide_1.0.1/stm32cubeide/plugins/com.st.stm32cube.ide.mcu.externaltools.gnu-tools-for-stm32.7-2018-q2-update.win32_1.0.0.201904181610/tools/bin/../lib/gcc/arm-none-eabi/7.3.1/../../../../arm-none-eabi/lib/thumb/v7e-m/fpv4-sp/hard\libc_nano.a(lib_a-errno.o)
                              Src/syscalls.o (__errno)
c:/st/stm32cubeide_1.0.1/stm32cubeide/plugins/com.st.stm32cube.ide.mcu.externaltools.gnu-tools-for-stm32.7-2018-q2-update.win32_1.0.0.201904181610/tools/bin/../lib/gcc/arm-none-eabi/7.3.1/../../../../arm-none-eabi/lib/thumb/v7e-m/fpv4-sp/hard\libc_nano.a(lib_a-exit.o)
                              c:/st/stm32cubeide_1.0.1/stm32cubeide/plugins/com.st.stm32cube.ide.mcu.externaltools.gnu-tools-for-stm32.7-2018-q2-update.win32_1.0.0.201904181610/tools/bin/../lib/gcc/arm-none-eabi/7.3.1/../../../../arm-none-eabi/lib/thumb/v7e-m/fpv4-sp/hard/crt0.o (exit)
c:/st/stm32cubeide_1.0.1/stm32cubeide/plugins/com.st.stm32cube.ide.mcu.externaltools.gnu-tools-for-stm32.7-2018-q2-update.win32_1.0.0.201904181610/tools/bin/../lib/gcc/arm-none-eabi/7.3.1/../../../../arm-none-eabi/lib/thumb/v7e-m/fpv4-sp/hard\libc_nano.a(lib_a-impure.o)
                              c:/st/stm32cubeide_1.0.1/stm32cubeide/plugins/com.st.stm32cube.ide.mcu.externaltools.gnu-tools-for-stm32.7-2018-q2-update.win32_1.0.0.201904181610/tools/bin/../lib/gcc/arm-none-eabi/7.3.1/../../../../arm-none-eabi/lib/thumb/v7e-m/fpv4-sp/hard\libc_nano.a(lib_a-exit.o) (_global_impure_ptr)
c:/st/stm32cubeide_1.0.1/stm32cubeide/plugins/com.st.stm32cube.ide.mcu.externaltools.gnu-tools-for-stm32.7-2018-q2-update.win32_1.0.0.201904181610/tools/bin/../lib/gcc/arm-none-eabi/7.3.1/../../../../arm-none-eabi/lib/thumb/v7e-m/fpv4-sp/hard\libc_nano.a(lib_a-init.o)
                              c:/st/stm32cubeide_1.0.1/stm32cubeide/plugins/com.st.stm32cube.ide.mcu.externaltools.gnu-tools-for-stm32.7-2018-q2-update.win32_1.0.0.201904181610/tools/bin/../lib/gcc/arm-none-eabi/7.3.1/../../../../arm-none-eabi/lib/thumb/v7e-m/fpv4-sp/hard/crt0.o (__libc_init_array)
c:/st/stm32cubeide_1.0.1/stm32cubeide/plugins/com.st.stm32cube.ide.mcu.externaltools.gnu-tools-for-stm32.7-2018-q2-update.win32_1.0.0.201904181610/tools/bin/../lib/gcc/arm-none-eabi/7.3.1/../../../../arm-none-eabi/lib/thumb/v7e-m/fpv4-sp/hard\libc_nano.a(lib_a-memset.o)
                              c:/st/stm32cubeide_1.0.1/stm32cubeide/plugins/com.st.stm32cube.ide.mcu.externaltools.gnu-tools-for-stm32.7-2018-q2-update.win32_1.0.0.201904181610/tools/bin/../lib/gcc/arm-none-eabi/7.3.1/../../../../arm-none-eabi/lib/thumb/v7e-m/fpv4-sp/hard/crt0.o (memset)
c:/st/stm32cubeide_1.0.1/stm32cubeide/plugins/com.st.stm32cube.ide.mcu.externaltools.gnu-tools-for-stm32.7-2018-q2-update.win32_1.0.0.201904181610/tools/bin/../lib/gcc/arm-none-eabi/7.3.1/../../../../arm-none-eabi/lib/thumb/v7e-m/fpv4-sp/hard\libc_nano.a(lib_a-printf.o)
                              Src/drive.o (printf)
c:/st/stm32cubeide_1.0.1/stm32cubeide/plugins/com.st.stm32cube.ide.mcu.externaltools.gnu-tools-for-stm32.7-2018-q2-update.win32_1.0.0.201904181610/tools/bin/../lib/gcc/arm-none-eabi/7.3.1/../../../../arm-none-eabi/lib/thumb/v7e-m/fpv4-sp/hard\libc_nano.a(lib_a-puts.o)
                              Src/drive.o (puts)
c:/st/stm32cubeide_1.0.1/stm32cubeide/plugins/com.st.stm32cube.ide.mcu.externaltools.gnu-tools-for-stm32.7-2018-q2-update.win32_1.0.0.201904181610/tools/bin/../lib/gcc/arm-none-eabi/7.3.1/../../../../arm-none-eabi/lib/thumb/v7e-m/fpv4-sp/hard\libc_nano.a(lib_a-setbuf.o)
                              Src/main.o (setbuf)
c:/st/stm32cubeide_1.0.1/stm32cubeide/plugins/com.st.stm32cube.ide.mcu.externaltools.gnu-tools-for-stm32.7-2018-q2-update.win32_1.0.0.201904181610/tools/bin/../lib/gcc/arm-none-eabi/7.3.1/../../../../arm-none-eabi/lib/thumb/v7e-m/fpv4-sp/hard\libc_nano.a(lib_a-setvbuf.o)
                              c:/st/stm32cubeide_1.0.1/stm32cubeide/plugins/com.st.stm32cube.ide.mcu.externaltools.gnu-tools-for-stm32.7-2018-q2-update.win32_1.0.0.201904181610/tools/bin/../lib/gcc/arm-none-eabi/7.3.1/../../../../arm-none-eabi/lib/thumb/v7e-m/fpv4-sp/hard\libc_nano.a(lib_a-setbuf.o) (setvbuf)
c:/st/stm32cubeide_1.0.1/stm32cubeide/plugins/com.st.stm32cube.ide.mcu.externaltools.gnu-tools-for-stm32.7-2018-q2-update.win32_1.0.0.201904181610/tools/bin/../lib/gcc/arm-none-eabi/7.3.1/../../../../arm-none-eabi/lib/thumb/v7e-m/fpv4-sp/hard\libc_nano.a(lib_a-wbuf.o)
                              c:/st/stm32cubeide_1.0.1/stm32cubeide/plugins/com.st.stm32cube.ide.mcu.externaltools.gnu-tools-for-stm32.7-2018-q2-update.win32_1.0.0.201904181610/tools/bin/../lib/gcc/arm-none-eabi/7.3.1/../../../../arm-none-eabi/lib/thumb/v7e-m/fpv4-sp/hard\libc_nano.a(lib_a-puts.o) (__swbuf_r)
[...]
Memory Configuration

Name             Origin             Length             Attributes
FLASH            0x0000000008000000 0x00000000000e0000 xr
DATA             0x00000000080e0000 0x0000000000020000 xr
CCMRAM           0x0000000010000000 0x0000000000010000 xrw
RAM              0x0000000020000000 0x0000000000020000 xrw
*default*        0x0000000000000000 0xffffffffffffffff

Linker script and memory map

LOAD c:/st/stm32cubeide_1.0.1/stm32cubeide/plugins/com.st.stm32cube.ide.mcu.externaltools.gnu-tools-for-stm32.7-2018-q2-update.win32_1.0.0.201904181610/tools/bin/../lib/gcc/arm-none-eabi/7.3.1/thumb/v7e-m/fpv4-sp/hard/crti.o
LOAD c:/st/stm32cubeide_1.0.1/stm32cubeide/plugins/com.st.stm32cube.ide.mcu.externaltools.gnu-tools-for-stm32.7-2018-q2-update.win32_1.0.0.201904181610/tools/bin/../lib/gcc/arm-none-eabi/7.3.1/thumb/v7e-m/fpv4-sp/hard/crtbegin.o
LOAD c:/st/stm32cubeide_1.0.1/stm32cubeide/plugins/com.st.stm32cube.ide.mcu.externaltools.gnu-tools-for-stm32.7-2018-q2-update.win32_1.0.0.201904181610/tools/bin/../lib/gcc/arm-none-eabi/7.3.1/../../../../arm-none-eabi/lib/thumb/v7e-m/fpv4-sp/hard/crt0.o
LOAD Drivers/STM32F4xx_HAL_Driver/Src/stm32f4xx_hal.o
LOAD Drivers/STM32F4xx_HAL_Driver/Src/stm32f4xx_hal_adc.o
LOAD Drivers/STM32F4xx_HAL_Driver/Src/stm32f4xx_hal_adc_ex.o
LOAD Drivers/STM32F4xx_HAL_Driver/Src/stm32f4xx_hal_cortex.o
LOAD Drivers/STM32F4xx_HAL_Driver/Src/stm32f4xx_hal_dma.o
LOAD Drivers/STM32F4xx_HAL_Driver/Src/stm32f4xx_hal_dma_ex.o
LOAD Drivers/STM32F4xx_HAL_Driver/Src/stm32f4xx_hal_exti.o
LOAD Drivers/STM32F4xx_HAL_Driver/Src/stm32f4xx_hal_flash.o
LOAD Drivers/STM32F4xx_HAL_Driver/Src/stm32f4xx_hal_flash_ex.o
LOAD Drivers/STM32F4xx_HAL_Driver/Src/stm32f4xx_hal_flash_ramfunc.o
LOAD Drivers/STM32F4xx_HAL_Driver/Src/stm32f4xx_hal_gpio.o
LOAD Drivers/STM32F4xx_HAL_Driver/Src/stm32f4xx_hal_pwr.o
LOAD Drivers/STM32F4xx_HAL_Driver/Src/stm32f4xx_hal_pwr_ex.o
LOAD Drivers/STM32F4xx_HAL_Driver/Src/stm32f4xx_hal_rcc.o
LOAD Drivers/STM32F4xx_HAL_Driver/Src/stm32f4xx_hal_rcc_ex.o
LOAD Drivers/STM32F4xx_HAL_Driver/Src/stm32f4xx_hal_spi.o
LOAD Drivers/STM32F4xx_HAL_Driver/Src/stm32f4xx_hal_tim.o
LOAD Drivers/STM32F4xx_HAL_Driver/Src/stm32f4xx_hal_tim_ex.o
LOAD Drivers/STM32F4xx_HAL_Driver/Src/stm32f4xx_hal_uart.o
LOAD Src/drive.o
LOAD Src/eeprom.o
LOAD Src/gyro.o
LOAD Src/main.o
LOAD Src/search.o
LOAD Src/sensor.o
LOAD Src/stm32f4xx_hal_msp.o
LOAD Src/stm32f4xx_it.o
LOAD Src/syscalls.o
LOAD Src/sysmem.o
LOAD Src/system_stm32f4xx.o
LOAD Startup/startup_stm32f405rgtx.o
START GROUP
LOAD c:/st/stm32cubeide_1.0.1/stm32cubeide/plugins/com.st.stm32cube.ide.mcu.externaltools.gnu-tools-for-stm32.7-2018-q2-update.win32_1.0.0.201904181610/tools/bin/../lib/gcc/arm-none-eabi/7.3.1/../../../../arm-none-eabi/lib/thumb/v7e-m/fpv4-sp/hard\libc_nano.a
LOAD c:/st/stm32cubeide_1.0.1/stm32cubeide/plugins/com.st.stm32cube.ide.mcu.externaltools.gnu-tools-for-stm32.7-2018-q2-update.win32_1.0.0.201904181610/tools/bin/../lib/gcc/arm-none-eabi/7.3.1/../../../../arm-none-eabi/lib/thumb/v7e-m/fpv4-sp/hard\libm.a
END GROUP
START GROUP
LOAD c:/st/stm32cubeide_1.0.1/stm32cubeide/plugins/com.st.stm32cube.ide.mcu.externaltools.gnu-tools-for-stm32.7-2018-q2-update.win32_1.0.0.201904181610/tools/bin/../lib/gcc/arm-none-eabi/7.3.1/thumb/v7e-m/fpv4-sp/hard\libgcc.a
LOAD c:/st/stm32cubeide_1.0.1/stm32cubeide/plugins/com.st.stm32cube.ide.mcu.externaltools.gnu-tools-for-stm32.7-2018-q2-update.win32_1.0.0.201904181610/tools/bin/../lib/gcc/arm-none-eabi/7.3.1/../../../../arm-none-eabi/lib/thumb/v7e-m/fpv4-sp/hard\libc_nano.a
END GROUP
START GROUP
LOAD c:/st/stm32cubeide_1.0.1/stm32cubeide/plugins/com.st.stm32cube.ide.mcu.externaltools.gnu-tools-for-stm32.7-2018-q2-update.win32_1.0.0.201904181610/tools/bin/../lib/gcc/arm-none-eabi/7.3.1/thumb/v7e-m/fpv4-sp/hard\libgcc.a
LOAD c:/st/stm32cubeide_1.0.1/stm32cubeide/plugins/com.st.stm32cube.ide.mcu.externaltools.gnu-tools-for-stm32.7-2018-q2-update.win32_1.0.0.201904181610/tools/bin/../lib/gcc/arm-none-eabi/7.3.1/../../../../arm-none-eabi/lib/thumb/v7e-m/fpv4-sp/hard\libc_nano.a
LOAD c:/st/stm32cubeide_1.0.1/stm32cubeide/plugins/com.st.stm32cube.ide.mcu.externaltools.gnu-tools-for-stm32.7-2018-q2-update.win32_1.0.0.201904181610/tools/bin/../lib/gcc/arm-none-eabi/7.3.1/../../../../arm-none-eabi/lib/thumb/v7e-m/fpv4-sp/hard\libnosys.a
END GROUP
START GROUP
LOAD c:/st/stm32cubeide_1.0.1/stm32cubeide/plugins/com.st.stm32cube.ide.mcu.externaltools.gnu-tools-for-stm32.7-2018-q2-update.win32_1.0.0.201904181610/tools/bin/../lib/gcc/arm-none-eabi/7.3.1/thumb/v7e-m/fpv4-sp/hard\libgcc.a
LOAD c:/st/stm32cubeide_1.0.1/stm32cubeide/plugins/com.st.stm32cube.ide.mcu.externaltools.gnu-tools-for-stm32.7-2018-q2-update.win32_1.0.0.201904181610/tools/bin/../lib/gcc/arm-none-eabi/7.3.1/../../../../arm-none-eabi/lib/thumb/v7e-m/fpv4-sp/hard\libc_nano.a
LOAD c:/st/stm32cubeide_1.0.1/stm32cubeide/plugins/com.st.stm32cube.ide.mcu.externaltools.gnu-tools-for-stm32.7-2018-q2-update.win32_1.0.0.201904181610/tools/bin/../lib/gcc/arm-none-eabi/7.3.1/../../../../arm-none-eabi/lib/thumb/v7e-m/fpv4-sp/hard\libnosys.a
END GROUP
LOAD c:/st/stm32cubeide_1.0.1/stm32cubeide/plugins/com.st.stm32cube.ide.mcu.externaltools.gnu-tools-for-stm32.7-2018-q2-update.win32_1.0.0.201904181610/tools/bin/../lib/gcc/arm-none-eabi/7.3.1/thumb/v7e-m/fpv4-sp/hard/crtend.o
LOAD c:/st/stm32cubeide_1.0.1/stm32cubeide/plugins/com.st.stm32cube.ide.mcu.externaltools.gnu-tools-for-stm32.7-2018-q2-update.win32_1.0.0.201904181610/tools/bin/../lib/gcc/arm-none-eabi/7.3.1/thumb/v7e-m/fpv4-sp/hard/crtn.o
                0x0000000020020000                _estack = 0x20020000
                0x0000000000000200                _Min_Heap_Size = 0x200
                0x0000000000000400                _Min_Stack_Size = 0x400

.isr_vector     0x0000000008000000      0x188
                0x0000000008000000                . = ALIGN (0x4)
 *(.isr_vector)
 .isr_vector    0x0000000008000000      0x188 Startup/startup_stm32f405rgtx.o
                0x0000000008000000                g_pfnVectors
                0x0000000008000188                . = ALIGN (0x4)

.text           0x0000000008000190     0xd504
                0x0000000008000190                . = ALIGN (0x4)
 *(.text)
 .text          0x0000000008000190       0x40 c:/st/stm32cubeide_1.0.1/stm32cubeide/plugins/com.st.stm32cube.ide.mcu.externaltools.gnu-tools-for-stm32.7-2018-q2-update.win32_1.0.0.201904181610/tools/bin/../lib/gcc/arm-none-eabi/7.3.1/thumb/v7e-m/fpv4-sp/hard/crtbegin.o
 .text          0x00000000080001d0       0xa0 c:/st/stm32cubeide_1.0.1/stm32cubeide/plugins/com.st.stm32cube.ide.mcu.externaltools.gnu-tools-for-stm32.7-2018-q2-update.win32_1.0.0.201904181610/tools/bin/../lib/gcc/arm-none-eabi/7.3.1/../../../../arm-none-eabi/lib/thumb/v7e-m/fpv4-sp/hard\libc_nano.a(lib_a-memchr.o)
                0x00000000080001d0                memchr
 .text          0x0000000008000270      0x378 c:/st/stm32cubeide_1.0.1/stm32cubeide/plugins/com.st.stm32cube.ide.mcu.externaltools.gnu-tools-for-stm32.7-2018-q2-update.win32_1.0.0.201904181610/tools/bin/../lib/gcc/arm-none-eabi/7.3.1/thumb/v7e-m/fpv4-sp/hard\libgcc.a(_arm_addsubdf3.o)
                0x0000000008000270                __aeabi_drsub
                0x0000000008000278                __aeabi_dsub
                0x0000000008000278                __subdf3
                0x000000000800027c                __aeabi_dadd
                0x000000000800027c                __adddf3
                0x00000000080004f4                __floatunsidf
                0x00000000080004f4                __aeabi_ui2d
                0x0000000008000514                __floatsidf
                0x0000000008000514                __aeabi_i2d
                0x0000000008000538                __aeabi_f2d
                0x0000000008000538                __extendsfdf2
                0x000000000800057c                __floatundidf
                0x000000000800057c                __aeabi_ul2d
                0x000000000800058c                __floatdidf
                0x000000000800058c                __aeabi_l2d
 .text          0x00000000080005e8      0x424 c:/st/stm32cubeide_1.0.1/stm32cubeide/plugins/com.st.stm32cube.ide.mcu.externaltools.gnu-tools-for-stm32.7-2018-q2-update.win32_1.0.0.201904181610/tools/bin/../lib/gcc/arm-none-eabi/7.3.1/thumb/v7e-m/fpv4-sp/hard\libgcc.a(_arm_muldivdf3.o)
                0x00000000080005e8                __aeabi_dmul
                0x00000000080005e8                __muldf3
                0x000000000800083c                __divdf3
                0x000000000800083c                __aeabi_ddiv
 .text          0x0000000008000a0c      0x110 c:/st/stm32cubeide_1.0.1/stm32cubeide/plugins/com.st.stm32cube.ide.mcu.externaltools.gnu-tools-for-stm32.7-2018-q2-update.win32_1.0.0.201904181610/tools/bin/../lib/gcc/arm-none-eabi/7.3.1/thumb/v7e-m/fpv4-sp/hard\libgcc.a(_arm_cmpdf2.o)
                0x0000000008000a0c                __gtdf2
                0x0000000008000a0c                __gedf2
                0x0000000008000a14                __ltdf2
                0x0000000008000a14                __ledf2
                0x0000000008000a1c                __nedf2
                0x0000000008000a1c                __eqdf2
                0x0000000008000a1c                __cmpdf2
                0x0000000008000a98                __aeabi_cdrcmple
                0x0000000008000aa8                __aeabi_cdcmpeq
                0x0000000008000aa8                __aeabi_cdcmple
                0x0000000008000ab8                __aeabi_dcmpeq
                0x0000000008000acc                __aeabi_dcmplt
                0x0000000008000ae0                __aeabi_dcmple
                0x0000000008000af4                __aeabi_dcmpge
                0x0000000008000b08                __aeabi_dcmpgt
 .text          0x0000000008000b1c       0x2c c:/st/stm32cubeide_1.0.1/stm32cubeide/plugins/com.st.stm32cube.ide.mcu.externaltools.gnu-tools-for-stm32.7-2018-q2-update.win32_1.0.0.201904181610/tools/bin/../lib/gcc/arm-none-eabi/7.3.1/thumb/v7e-m/fpv4-sp/hard\libgcc.a(_arm_unorddf2.o)
                0x0000000008000b1c                __unorddf2
                0x0000000008000b1c                __aeabi_dcmpun
 .text          0x0000000008000b48       0xa0 c:/st/stm32cubeide_1.0.1/stm32cubeide/plugins/com.st.stm32cube.ide.mcu.externaltools.gnu-tools-for-stm32.7-2018-q2-update.win32_1.0.0.201904181610/tools/bin/../lib/gcc/arm-none-eabi/7.3.1/thumb/v7e-m/fpv4-sp/hard\libgcc.a(_arm_truncdfsf2.o)
                0x0000000008000b48                __truncdfsf2
                0x0000000008000b48                __aeabi_d2f
 .text          0x0000000008000be8       0x30 c:/st/stm32cubeide_1.0.1/stm32cubeide/plugins/com.st.stm32cube.ide.mcu.externaltools.gnu-tools-for-stm32.7-2018-q2-update.win32_1.0.0.201904181610/tools/bin/../lib/gcc/arm-none-eabi/7.3.1/thumb/v7e-m/fpv4-sp/hard\libgcc.a(_aeabi_uldivmod.o)
                0x0000000008000be8                __aeabi_uldivmod
 .text          0x0000000008000c18      0x2cc c:/st/stm32cubeide_1.0.1/stm32cubeide/plugins/com.st.stm32cube.ide.mcu.externaltools.gnu-tools-for-stm32.7-2018-q2-update.win32_1.0.0.201904181610/tools/bin/../lib/gcc/arm-none-eabi/7.3.1/thumb/v7e-m/fpv4-sp/hard\libgcc.a(_udivmoddi4.o)
                0x0000000008000c18                __udivmoddi4
 .text          0x0000000008000ee4        0x4 c:/st/stm32cubeide_1.0.1/stm32cubeide/plugins/com.st.stm32cube.ide.mcu.externaltools.gnu-tools-for-stm32.7-2018-q2-update.win32_1.0.0.201904181610/tools/bin/../lib/gcc/arm-none-eabi/7.3.1/thumb/v7e-m/fpv4-sp/hard\libgcc.a(_dvmd_tls.o)
                0x0000000008000ee4                __aeabi_idiv0
                0x0000000008000ee4                __aeabi_ldiv0
 *(.text*)
 .text.HAL_Init
                0x0000000008000ee8       0x44 Drivers/STM32F4xx_HAL_Driver/Src/stm32f4xx_hal.o
                0x0000000008000ee8                HAL_Init
 .text.HAL_InitTick
                0x0000000008000f2c       0x60 Drivers/STM32F4xx_HAL_Driver/Src/stm32f4xx_hal.o
                0x0000000008000f2c                HAL_InitTick
 .text.HAL_IncTick
                0x0000000008000f8c       0x28 Drivers/STM32F4xx_HAL_Driver/Src/stm32f4xx_hal.o
                0x0000000008000f8c                HAL_IncTick
 .text.HAL_GetTick
                0x0000000008000fb4       0x18 Drivers/STM32F4xx_HAL_Driver/Src/stm32f4xx_hal.o
                0x0000000008000fb4                HAL_GetTick
 .text.HAL_Delay
                0x0000000008000fcc       0x44 Drivers/STM32F4xx_HAL_Driver/Src/stm32f4xx_hal.o
                0x0000000008000fcc                HAL_Delay
 .text.HAL_ADC_Init
                0x0000000008001010       0x86 Drivers/STM32F4xx_HAL_Driver/Src/stm32f4xx_hal_adc.o
                0x0000000008001010                HAL_ADC_Init
 *fill*         0x0000000008001096        0x2 
 .text.HAL_ADC_Start
                0x0000000008001098      0x18c Drivers/STM32F4xx_HAL_Driver/Src/stm32f4xx_hal_adc.o
                0x0000000008001098                HAL_ADC_Start
 .text.HAL_ADC_PollForConversion
                0x0000000008001224      0x108 Drivers/STM32F4xx_HAL_Driver/Src/stm32f4xx_hal_adc.o
                0x0000000008001224                HAL_ADC_PollForConversion
 .text.HAL_ADC_GetValue
                0x000000000800132c       0x1a Drivers/STM32F4xx_HAL_Driver/Src/stm32f4xx_hal_adc.o
                0x000000000800132c                HAL_ADC_GetValue
 *fill*         0x0000000008001346        0x2 
 .text.HAL_ADC_ConfigChannel
                0x0000000008001348      0x244 Drivers/STM32F4xx_HAL_Driver/Src/stm32f4xx_hal_adc.o
                0x0000000008001348                HAL_ADC_ConfigChannel
 .text.ADC_Init
                0x000000000800158c      0x1f8 Drivers/STM32F4xx_HAL_Driver/Src/stm32f4xx_hal_adc.o
 .text.__NVIC_SetPriorityGrouping
                0x0000000008001784       0x48 Drivers/STM32F4xx_HAL_Driver/Src/stm32f4xx_hal_cortex.o
 .text.__NVIC_GetPriorityGrouping
                0x00000000080017cc       0x1c Drivers/STM32F4xx_HAL_Driver/Src/stm32f4xx_hal_cortex.o
 .text.__NVIC_EnableIRQ
                0x00000000080017e8       0x3c Drivers/STM32F4xx_HAL_Driver/Src/stm32f4xx_hal_cortex.o
 .text.__NVIC_SetPriority
                0x0000000008001824       0x54 Drivers/STM32F4xx_HAL_Driver/Src/stm32f4xx_hal_cortex.o
 .text.NVIC_EncodePriority
                0x0000000008001878       0x66 Drivers/STM32F4xx_HAL_Driver/Src/stm32f4xx_hal_cortex.o
 *fill*         0x00000000080018de        0x2 
 .text.SysTick_Config
                0x00000000080018e0       0x44 Drivers/STM32F4xx_HAL_Driver/Src/stm32f4xx_hal_cortex.o
 .text.HAL_NVIC_SetPriorityGrouping
                0x0000000008001924       0x16 Drivers/STM32F4xx_HAL_Driver/Src/stm32f4xx_hal_cortex.o
                0x0000000008001924                HAL_NVIC_SetPriorityGrouping
 .text.HAL_NVIC_SetPriority
                0x000000000800193a       0x38 Drivers/STM32F4xx_HAL_Driver/Src/stm32f4xx_hal_cortex.o
                0x000000000800193a                HAL_NVIC_SetPriority
 .text.HAL_NVIC_EnableIRQ
                0x0000000008001972       0x1c Drivers/STM32F4xx_HAL_Driver/Src/stm32f4xx_hal_cortex.o
                0x0000000008001972                HAL_NVIC_EnableIRQ
 .text.HAL_SYSTICK_Config
                0x000000000800198e       0x18 Drivers/STM32F4xx_HAL_Driver/Src/stm32f4xx_hal_cortex.o
                0x000000000800198e                HAL_SYSTICK_Config
 *fill*         0x00000000080019a6        0x2 
 .text.HAL_FLASH_Program
                0x00000000080019a8       0xa8 Drivers/STM32F4xx_HAL_Driver/Src/stm32f4xx_hal_flash.o
                0x00000000080019a8                HAL_FLASH_Program
 .text.HAL_FLASH_Unlock
                0x0000000008001a50       0x44 Drivers/STM32F4xx_HAL_Driver/Src/stm32f4xx_hal_flash.o
                0x0000000008001a50                HAL_FLASH_Unlock
 .text.HAL_FLASH_Lock
                0x0000000008001a94       0x20 Drivers/STM32F4xx_HAL_Driver/Src/stm32f4xx_hal_flash.o
                0x0000000008001a94                HAL_FLASH_Lock
 .text.FLASH_WaitForLastOperation
                0x0000000008001ab4       0x80 Drivers/STM32F4xx_HAL_Driver/Src/stm32f4xx_hal_flash.o
                0x0000000008001ab4                FLASH_WaitForLastOperation
 .text.FLASH_Program_DoubleWord
                0x0000000008001b34       0x5c Drivers/STM32F4xx_HAL_Driver/Src/stm32f4xx_hal_flash.o
 .text.FLASH_Program_Word
                0x0000000008001b90       0x44 Drivers/STM32F4xx_HAL_Driver/Src/stm32f4xx_hal_flash.o
 .text.FLASH_Program_HalfWord
                0x0000000008001bd4       0x48 Drivers/STM32F4xx_HAL_Driver/Src/stm32f4xx_hal_flash.o
 .text.FLASH_Program_Byte
                0x0000000008001c1c       0x44 Drivers/STM32F4xx_HAL_Driver/Src/stm32f4xx_hal_flash.o
 .text.FLASH_SetErrorCode
                0x0000000008001c60       0xac Drivers/STM32F4xx_HAL_Driver/Src/stm32f4xx_hal_flash.o
 .text.HAL_FLASHEx_Erase
                0x0000000008001d0c       0xe0 Drivers/STM32F4xx_HAL_Driver/Src/stm32f4xx_hal_flash_ex.o
                0x0000000008001d0c                HAL_FLASHEx_Erase
 .text.FLASH_MassErase
                0x0000000008001dec       0x48 Drivers/STM32F4xx_HAL_Driver/Src/stm32f4xx_hal_flash_ex.o
 .text.FLASH_Erase_Sector
                0x0000000008001e34       0x90 Drivers/STM32F4xx_HAL_Driver/Src/stm32f4xx_hal_flash_ex.o
                0x0000000008001e34                FLASH_Erase_Sector
 .text.FLASH_FlushCaches
                0x0000000008001ec4       0x8c Drivers/STM32F4xx_HAL_Driver/Src/stm32f4xx_hal_flash_ex.o
                0x0000000008001ec4                FLASH_FlushCaches
 .text.HAL_GPIO_Init
                0x0000000008001f50      0x334 Drivers/STM32F4xx_HAL_Driver/Src/stm32f4xx_hal_gpio.o
                0x0000000008001f50                HAL_GPIO_Init
 .text.HAL_GPIO_ReadPin
                0x0000000008002284       0x30 Drivers/STM32F4xx_HAL_Driver/Src/stm32f4xx_hal_gpio.o
                0x0000000008002284                HAL_GPIO_ReadPin
 .text.HAL_GPIO_WritePin
                0x00000000080022b4       0x32 Drivers/STM32F4xx_HAL_Driver/Src/stm32f4xx_hal_gpio.o
                0x00000000080022b4                HAL_GPIO_WritePin
 *fill*         0x00000000080022e6        0x2 
 .text.HAL_RCC_OscConfig
                0x00000000080022e8      0x484 Drivers/STM32F4xx_HAL_Driver/Src/stm32f4xx_hal_rcc.o
                0x00000000080022e8                HAL_RCC_OscConfig
 .text.HAL_RCC_ClockConfig
                0x000000000800276c      0x1c4 Drivers/STM32F4xx_HAL_Driver/Src/stm32f4xx_hal_rcc.o
                0x000000000800276c                HAL_RCC_ClockConfig
 .text.HAL_RCC_GetSysClockFreq
                0x0000000008002930      0x164 Drivers/STM32F4xx_HAL_Driver/Src/stm32f4xx_hal_rcc.o
                0x0000000008002930                HAL_RCC_GetSysClockFreq
 .text.HAL_RCC_GetHCLKFreq
                0x0000000008002a94       0x18 Drivers/STM32F4xx_HAL_Driver/Src/stm32f4xx_hal_rcc.o
                0x0000000008002a94                HAL_RCC_GetHCLKFreq
 .text.HAL_RCC_GetPCLK1Freq
                0x0000000008002aac       0x28 Drivers/STM32F4xx_HAL_Driver/Src/stm32f4xx_hal_rcc.o
                0x0000000008002aac                HAL_RCC_GetPCLK1Freq
 .text.HAL_RCC_GetPCLK2Freq
                0x0000000008002ad4       0x28 Drivers/STM32F4xx_HAL_Driver/Src/stm32f4xx_hal_rcc.o
                0x0000000008002ad4                HAL_RCC_GetPCLK2Freq
 .text.HAL_SPI_Init
                0x0000000008002afc       0xc8 Drivers/STM32F4xx_HAL_Driver/Src/stm32f4xx_hal_spi.o
                0x0000000008002afc                HAL_SPI_Init
 .text.HAL_SPI_Transmit
                0x0000000008002bc4      0x268 Drivers/STM32F4xx_HAL_Driver/Src/stm32f4xx_hal_spi.o
                0x0000000008002bc4                HAL_SPI_Transmit
 .text.HAL_SPI_Receive
                0x0000000008002e2c      0x212 Drivers/STM32F4xx_HAL_Driver/Src/stm32f4xx_hal_spi.o
                0x0000000008002e2c                HAL_SPI_Receive
 .text.HAL_SPI_TransmitReceive
                0x000000000800303e      0x344 Drivers/STM32F4xx_HAL_Driver/Src/stm32f4xx_hal_spi.o
                0x000000000800303e                HAL_SPI_TransmitReceive
 .text.SPI_WaitFlagStateUntilTimeout
                0x0000000008003382       0xd4 Drivers/STM32F4xx_HAL_Driver/Src/stm32f4xx_hal_spi.o
 .text.SPI_EndRxTransaction
                0x0000000008003456       0xca Drivers/STM32F4xx_HAL_Driver/Src/stm32f4xx_hal_spi.o
 .text.SPI_EndRxTxTransaction
                0x0000000008003520       0x84 Drivers/STM32F4xx_HAL_Driver/Src/stm32f4xx_hal_spi.o
 .text.HAL_TIM_Base_Init
                0x00000000080035a4       0x56 Drivers/STM32F4xx_HAL_Driver/Src/stm32f4xx_hal_tim.o
                0x00000000080035a4                HAL_TIM_Base_Init
 .text.HAL_TIM_Base_Start_IT
                0x00000000080035fa       0x48 Drivers/STM32F4xx_HAL_Driver/Src/stm32f4xx_hal_tim.o
                0x00000000080035fa                HAL_TIM_Base_Start_IT
 .text.HAL_TIM_PWM_Init
                0x0000000008003642       0x56 Drivers/STM32F4xx_HAL_Driver/Src/stm32f4xx_hal_tim.o
                0x0000000008003642                HAL_TIM_PWM_Init
 .text.HAL_TIM_PWM_MspInit
                0x0000000008003698       0x14 Drivers/STM32F4xx_HAL_Driver/Src/stm32f4xx_hal_tim.o
                0x0000000008003698                HAL_TIM_PWM_MspInit
 .text.HAL_TIM_PWM_Start
                0x00000000080036ac       0x7c Drivers/STM32F4xx_HAL_Driver/Src/stm32f4xx_hal_tim.o
                0x00000000080036ac                HAL_TIM_PWM_Start
 .text.HAL_TIM_PWM_Stop
                0x0000000008003728       0xb0 Drivers/STM32F4xx_HAL_Driver/Src/stm32f4xx_hal_tim.o
                0x0000000008003728                HAL_TIM_PWM_Stop
 .text.HAL_TIM_Encoder_Init
                0x00000000080037d8      0x124 Drivers/STM32F4xx_HAL_Driver/Src/stm32f4xx_hal_tim.o
                0x00000000080037d8                HAL_TIM_Encoder_Init
 .text.HAL_TIM_Encoder_Start
                0x00000000080038fc       0x6e Drivers/STM32F4xx_HAL_Driver/Src/stm32f4xx_hal_tim.o
                0x00000000080038fc                HAL_TIM_Encoder_Start
 .text.HAL_TIM_IRQHandler
                0x000000000800396a      0x210 Drivers/STM32F4xx_HAL_Driver/Src/stm32f4xx_hal_tim.o
                0x000000000800396a                HAL_TIM_IRQHandler
 *fill*         0x0000000008003b7a        0x2 
 .text.HAL_TIM_PWM_ConfigChannel
                0x0000000008003b7c      0x18c Drivers/STM32F4xx_HAL_Driver/Src/stm32f4xx_hal_tim.o
                0x0000000008003b7c                HAL_TIM_PWM_ConfigChannel
 .text.HAL_TIM_ConfigClockSource
                0x0000000008003d08      0x16e Drivers/STM32F4xx_HAL_Driver/Src/stm32f4xx_hal_tim.o
                0x0000000008003d08                HAL_TIM_ConfigClockSource
 .text.HAL_TIM_OC_DelayElapsedCallback
                0x0000000008003e76       0x14 Drivers/STM32F4xx_HAL_Driver/Src/stm32f4xx_hal_tim.o
                0x0000000008003e76                HAL_TIM_OC_DelayElapsedCallback
 .text.HAL_TIM_IC_CaptureCallback
                0x0000000008003e8a       0x14 Drivers/STM32F4xx_HAL_Driver/Src/stm32f4xx_hal_tim.o
                0x0000000008003e8a                HAL_TIM_IC_CaptureCallback
 .text.HAL_TIM_PWM_PulseFinishedCallback
                0x0000000008003e9e       0x14 Drivers/STM32F4xx_HAL_Driver/Src/stm32f4xx_hal_tim.o
                0x0000000008003e9e                HAL_TIM_PWM_PulseFinishedCallback
 .text.HAL_TIM_TriggerCallback
                0x0000000008003eb2       0x14 Drivers/STM32F4xx_HAL_Driver/Src/stm32f4xx_hal_tim.o
                0x0000000008003eb2                HAL_TIM_TriggerCallback
 *fill*         0x0000000008003ec6        0x2 
 .text.TIM_Base_SetConfig
                0x0000000008003ec8      0x140 Drivers/STM32F4xx_HAL_Driver/Src/stm32f4xx_hal_tim.o
                0x0000000008003ec8                TIM_Base_SetConfig
 .text.TIM_OC1_SetConfig
                0x0000000008004008       0xe0 Drivers/STM32F4xx_HAL_Driver/Src/stm32f4xx_hal_tim.o
 .text.TIM_OC2_SetConfig
                0x00000000080040e8       0xec Drivers/STM32F4xx_HAL_Driver/Src/stm32f4xx_hal_tim.o
                0x00000000080040e8                TIM_OC2_SetConfig
 .text.TIM_OC3_SetConfig
                0x00000000080041d4       0xe8 Drivers/STM32F4xx_HAL_Driver/Src/stm32f4xx_hal_tim.o
 .text.TIM_OC4_SetConfig
                0x00000000080042bc       0xac Drivers/STM32F4xx_HAL_Driver/Src/stm32f4xx_hal_tim.o
 .text.TIM_TI1_ConfigInputStage
                0x0000000008004368       0x5e Drivers/STM32F4xx_HAL_Driver/Src/stm32f4xx_hal_tim.o
 .text.TIM_TI2_ConfigInputStage
                0x00000000080043c6       0x60 Drivers/STM32F4xx_HAL_Driver/Src/stm32f4xx_hal_tim.o
 .text.TIM_ITRx_SetConfig
                0x0000000008004426       0x36 Drivers/STM32F4xx_HAL_Driver/Src/stm32f4xx_hal_tim.o
 .text.TIM_ETR_SetConfig
                0x000000000800445c       0x40 Drivers/STM32F4xx_HAL_Driver/Src/stm32f4xx_hal_tim.o
                0x000000000800445c                TIM_ETR_SetConfig
 .text.TIM_CCxChannelCmd
                0x000000000800449c       0x4a Drivers/STM32F4xx_HAL_Driver/Src/stm32f4xx_hal_tim.o
                0x000000000800449c                TIM_CCxChannelCmd
 .text.HAL_TIMEx_MasterConfigSynchronization
                0x00000000080044e6       0x8a Drivers/STM32F4xx_HAL_Driver/Src/stm32f4xx_hal_tim_ex.o
                0x00000000080044e6                HAL_TIMEx_MasterConfigSynchronization
 .text.HAL_TIMEx_CommutCallback
                0x0000000008004570       0x14 Drivers/STM32F4xx_HAL_Driver/Src/stm32f4xx_hal_tim_ex.o
                0x0000000008004570                HAL_TIMEx_CommutCallback
 .text.HAL_TIMEx_BreakCallback
                0x0000000008004584       0x14 Drivers/STM32F4xx_HAL_Driver/Src/stm32f4xx_hal_tim_ex.o
                0x0000000008004584                HAL_TIMEx_BreakCallback
 .text.HAL_UART_Init
                0x0000000008004598       0x9a Drivers/STM32F4xx_HAL_Driver/Src/stm32f4xx_hal_uart.o
                0x0000000008004598                HAL_UART_Init
 .text.HAL_UART_Transmit
                0x0000000008004632      0x132 Drivers/STM32F4xx_HAL_Driver/Src/stm32f4xx_hal_uart.o
                0x0000000008004632                HAL_UART_Transmit
 .text.UART_WaitOnFlagUntilTimeout
                0x0000000008004764       0x94 Drivers/STM32F4xx_HAL_Driver/Src/stm32f4xx_hal_uart.o
 .text.UART_SetConfig
                0x00000000080047f8      0x414 Drivers/STM32F4xx_HAL_Driver/Src/stm32f4xx_hal_uart.o
 .text.drive_init
                0x0000000008004c0c       0x18 Src/drive.o
                0x0000000008004c0c                drive_init
 .text.drive_ready
                0x0000000008004c24       0x54 Src/drive.o
                0x0000000008004c24                drive_ready
 .text.drive_start
                0x0000000008004c78       0x5c Src/drive.o
                0x0000000008004c78                drive_start
 .text.drive_stop
                0x0000000008004cd4       0x50 Src/drive.o
                0x0000000008004cd4                drive_stop
 .text.control_start
                0x0000000008004d24       0x28 Src/drive.o
                0x0000000008004d24                control_start
 .text.control_stop
                0x0000000008004d4c       0x28 Src/drive.o
                0x0000000008004d4c                control_stop
 .text.drive_dir
                0x0000000008004d74      0x128 Src/drive.o
                0x0000000008004d74                drive_dir
 .text.driveA   0x0000000008004e9c       0xec Src/drive.o
                0x0000000008004e9c                driveA
 .text.driveD   0x0000000008004f88      0x188 Src/drive.o
                0x0000000008004f88                driveD
 .text.driveU   0x0000000008005110       0xd0 Src/drive.o
                0x0000000008005110                driveU
 .text.driveC   0x00000000080051e0       0x94 Src/drive.o
                0x00000000080051e0                driveC
 .text.driveC2  0x0000000008005274       0x98 Src/drive.o
                0x0000000008005274                driveC2
 .text.set_position
                0x000000000800530c       0x14 Src/drive.o
                0x000000000800530c                set_position
 .text.start_sectionA
                0x0000000008005320       0x58 Src/drive.o
                0x0000000008005320                start_sectionA
 .text.half_sectionA
                0x0000000008005378       0x34 Src/drive.o
                0x0000000008005378                half_sectionA
 .text.half_sectionD
                0x00000000080053ac       0x20 Src/drive.o
                0x00000000080053ac                half_sectionD
 .text.start_sectionA2
                0x00000000080053cc       0x58 Src/drive.o
                0x00000000080053cc                start_sectionA2
 .text.half_sectionA2
                0x0000000008005424       0x38 Src/drive.o
                0x0000000008005424                half_sectionA2
 .text.half_sectionD2
                0x000000000800545c       0x24 Src/drive.o
                0x000000000800545c                half_sectionD2
 .text.one_section
                0x0000000008005480       0x10 Src/drive.o
                0x0000000008005480                one_section
 .text.one_sectionA
                0x0000000008005490       0x4c Src/drive.o
                0x0000000008005490                one_sectionA
 .text.one_sectionD
                0x00000000080054dc       0x50 Src/drive.o
                0x00000000080054dc                one_sectionD
 .text.one_sectionU
                0x000000000800552c       0x30 Src/drive.o
                0x000000000800552c                one_sectionU
 *fill*         0x000000000800555c        0x4 
 .text.rotate_R90
                0x0000000008005560      0x198 Src/drive.o
                0x0000000008005560                rotate_R90
 .text.rotate_L90
                0x00000000080056f8      0x198 Src/drive.o
                0x00000000080056f8                rotate_L90
 .text.rotate_180
                0x0000000008005890      0x194 Src/drive.o
                0x0000000008005890                rotate_180
 .text.slalom_R90
                0x0000000008005a24      0x1f0 Src/drive.o
                0x0000000008005a24                slalom_R90
 .text.slalom_L90
                0x0000000008005c14      0x1f0 Src/drive.o
                0x0000000008005c14                slalom_L90
 .text.slalom_R902
                0x0000000008005e04      0x1a4 Src/drive.o
                0x0000000008005e04                slalom_R902
 .text.slalom_L902
                0x0000000008005fa8      0x1c4 Src/drive.o
                0x0000000008005fa8                slalom_L902
 .text.v_R45    0x000000000800616c      0x1a8 Src/drive.o
                0x000000000800616c                v_R45
 .text.test_select
                0x0000000008006314      0x10c Src/drive.o
                0x0000000008006314                test_select
 .text.init_test
                0x0000000008006420      0x210 Src/drive.o
                0x0000000008006420                init_test
 .text.slalom_test
                0x0000000008006630      0x26c Src/drive.o
                0x0000000008006630                slalom_test
 .text.v_test   0x000000000800689c      0x14c Src/drive.o
                0x000000000800689c                v_test
 .text.simple_run
                0x00000000080069e8      0x208 Src/drive.o
                0x00000000080069e8                simple_run
 .text.slalom_run
                0x0000000008006bf0      0x3dc Src/drive.o
                0x0000000008006bf0                slalom_run
 .text.sample_course_run
                0x0000000008006fcc      0x218 Src/drive.o
                0x0000000008006fcc                sample_course_run
 .text.perfect_run
                0x00000000080071e4      0x288 Src/drive.o
                0x00000000080071e4                perfect_run
 .text.perfect_slalom
                0x000000000800746c      0x4ec Src/drive.o
                0x000000000800746c                perfect_slalom
 .text.eeprom_enable_write
                0x0000000008007958       0x48 Src/eeprom.o
                0x0000000008007958                eeprom_enable_write
 .text.eeprom_disable_write
                0x00000000080079a0        0xe Src/eeprom.o
                0x00000000080079a0                eeprom_disable_write
 .text.eeprom_write_halfword
                0x00000000080079ae       0x3a Src/eeprom.o
                0x00000000080079ae                eeprom_write_halfword
 .text.eeprom_read_halfword
                0x00000000080079e8       0x2e Src/eeprom.o
                0x00000000080079e8                eeprom_read_halfword
 *fill*         0x0000000008007a16        0x2 
 .text.gyro_init
                0x0000000008007a18       0x70 Src/gyro.o
                0x0000000008007a18                gyro_init
 .text.read_byte
                0x0000000008007a88       0x58 Src/gyro.o
                0x0000000008007a88                read_byte
 .text.write_byte
                0x0000000008007ae0       0x58 Src/gyro.o
                0x0000000008007ae0                write_byte
 .text.accel_read_x
                0x0000000008007b38       0x4c Src/gyro.o
                0x0000000008007b38                accel_read_x
 .text.accel_read_y
                0x0000000008007b84       0x4c Src/gyro.o
                0x0000000008007b84                accel_read_y
 .text.accel_read_z
                0x0000000008007bd0       0x4e Src/gyro.o
                0x0000000008007bd0                accel_read_z
 *fill*         0x0000000008007c1e        0x2 
 .text.gyro_read_x
                0x0000000008007c20       0x78 Src/gyro.o
                0x0000000008007c20                gyro_read_x
 .text.gyro_read_y
                0x0000000008007c98       0x74 Src/gyro.o
                0x0000000008007c98                gyro_read_y
 *fill*         0x0000000008007d0c        0x4 
 .text.gyro_read_z
                0x0000000008007d10       0x84 Src/gyro.o
                0x0000000008007d10                gyro_read_z
 .text.__io_putchar
                0x0000000008007d94       0x3c Src/main.o
                0x0000000008007d94                __io_putchar
 .text.HAL_TIM_PeriodElapsedCallback
                0x0000000008007dd0     0x111c Src/main.o
                0x0000000008007dd0                HAL_TIM_PeriodElapsedCallback
 .text.main     0x0000000008008eec      0x274 Src/main.o
                0x0000000008008eec                main
 .text.SystemClock_Config
                0x0000000008009160       0xd4 Src/main.o
                0x0000000008009160                SystemClock_Config
 .text.MX_ADC1_Init
                0x0000000008009234       0xa4 Src/main.o
 .text.MX_SPI3_Init
                0x00000000080092d8       0x6c Src/main.o
 .text.MX_TIM2_Init
                0x0000000008009344      0x100 Src/main.o
 .text.MX_TIM3_Init
                0x0000000008009444       0xec Src/main.o
 .text.MX_TIM4_Init
                0x0000000008009530       0xa8 Src/main.o
 .text.MX_TIM6_Init
                0x00000000080095d8       0x6c Src/main.o
 .text.MX_TIM8_Init
                0x0000000008009644       0xb0 Src/main.o
 .text.MX_USART1_UART_Init
                0x00000000080096f4       0x54 Src/main.o
 .text.MX_GPIO_Init
                0x0000000008009748      0x17c Src/main.o
 .text.buzzer   0x00000000080098c4       0x80 Src/main.o
                0x00000000080098c4                buzzer
 .text.get_adc_value
                0x0000000008009944       0x52 Src/main.o
                0x0000000008009944                get_adc_value
 .text.Error_Handler
                0x0000000008009996        0xe Src/main.o
                0x0000000008009996                Error_Handler
 .text.search_init
                0x00000000080099a4       0x38 Src/search.o
                0x00000000080099a4                search_init
 .text.searchA  0x00000000080099dc      0x104 Src/search.o
                0x00000000080099dc                searchA
 .text.searchB  0x0000000008009ae0      0x114 Src/search.o
                0x0000000008009ae0                searchB
 .text.searchC  0x0000000008009bf4      0x158 Src/search.o
                0x0000000008009bf4                searchC
 .text.searchC2
                0x0000000008009d4c      0x14c Src/search.o
                0x0000000008009d4c                searchC2
 .text.searchD  0x0000000008009e98      0x1d0 Src/search.o
                0x0000000008009e98                searchD
 .text.searchD2
                0x000000000800a068      0x1d0 Src/search.o
                0x000000000800a068                searchD2
 .text.searchE  0x000000000800a238      0x13c Src/search.o
                0x000000000800a238                searchE
 .text.adv_pos  0x000000000800a374       0x74 Src/search.o
                0x000000000800a374                adv_pos
 .text.conf_route
                0x000000000800a3e8       0x3c Src/search.o
                0x000000000800a3e8                conf_route
 .text.map_Init
                0x000000000800a424       0xd8 Src/search.o
                0x000000000800a424                map_Init
 .text.write_map
                0x000000000800a4fc      0x250 Src/search.o
                0x000000000800a4fc                write_map
 .text.turn_dir
                0x000000000800a74c       0x98 Src/search.o
                0x000000000800a74c                turn_dir
 .text.make_smap
                0x000000000800a7e4      0x67c Src/search.o
                0x000000000800a7e4                make_smap
 .text.make_route
                0x000000000800ae60      0x264 Src/search.o
                0x000000000800ae60                make_route
 .text.find_pregoal
                0x000000000800b0c4      0x3d8 Src/search.o
                0x000000000800b0c4                find_pregoal
 .text.make_smap2
                0x000000000800b49c      0x248 Src/search.o
                0x000000000800b49c                make_smap2
 .text.store_map_in_eeprom
                0x000000000800b6e4       0x74 Src/search.o
                0x000000000800b6e4                store_map_in_eeprom
 .text.load_map_from_eeprom
                0x000000000800b758       0x58 Src/search.o
                0x000000000800b758                load_map_from_eeprom
 .text.sensor_init
                0x000000000800b7b0       0x5c Src/sensor.o
                0x000000000800b7b0                sensor_init
 .text.get_base
                0x000000000800b80c       0x3c Src/sensor.o
                0x000000000800b80c                get_base
 .text.get_wall_info
                0x000000000800b848       0x74 Src/sensor.o
                0x000000000800b848                get_wall_info
 .text.led_write
                0x000000000800b8bc       0x74 Src/sensor.o
                0x000000000800b8bc                led_write
 .text.full_led_write
                0x000000000800b930      0x178 Src/sensor.o
                0x000000000800b930                full_led_write
 .text.sensor_test
                0x000000000800baa8      0x254 Src/sensor.o
                0x000000000800baa8                sensor_test
 .text.HAL_MspInit
                0x000000000800bcfc       0x50 Src/stm32f4xx_hal_msp.o
                0x000000000800bcfc                HAL_MspInit
 .text.HAL_ADC_MspInit
                0x000000000800bd4c       0x88 Src/stm32f4xx_hal_msp.o
                0x000000000800bd4c                HAL_ADC_MspInit
 .text.HAL_SPI_MspInit
                0x000000000800bdd4       0x90 Src/stm32f4xx_hal_msp.o
                0x000000000800bdd4                HAL_SPI_MspInit
 .text.HAL_TIM_Base_MspInit
                0x000000000800be64       0xa4 Src/stm32f4xx_hal_msp.o
                0x000000000800be64                HAL_TIM_Base_MspInit
 .text.HAL_TIM_Encoder_MspInit
                0x000000000800bf08       0xfc Src/stm32f4xx_hal_msp.o
                0x000000000800bf08                HAL_TIM_Encoder_MspInit
 .text.HAL_TIM_MspPostInit
                0x000000000800c004       0xfc Src/stm32f4xx_hal_msp.o
                0x000000000800c004                HAL_TIM_MspPostInit
 .text.HAL_UART_MspInit
                0x000000000800c100       0x90 Src/stm32f4xx_hal_msp.o
                0x000000000800c100                HAL_UART_MspInit
 .text.NMI_Handler
                0x000000000800c190        0xe Src/stm32f4xx_it.o
                0x000000000800c190                NMI_Handler
 .text.HardFault_Handler
                0x000000000800c19e        0x6 Src/stm32f4xx_it.o
                0x000000000800c19e                HardFault_Handler
 .text.MemManage_Handler
                0x000000000800c1a4        0x6 Src/stm32f4xx_it.o
                0x000000000800c1a4                MemManage_Handler
 .text.BusFault_Handler
                0x000000000800c1aa        0x6 Src/stm32f4xx_it.o
                0x000000000800c1aa                BusFault_Handler
 .text.UsageFault_Handler
                0x000000000800c1b0        0x6 Src/stm32f4xx_it.o
                0x000000000800c1b0                UsageFault_Handler
 .text.SVC_Handler
                0x000000000800c1b6        0xe Src/stm32f4xx_it.o
                0x000000000800c1b6                SVC_Handler
 .text.DebugMon_Handler
                0x000000000800c1c4        0xe Src/stm32f4xx_it.o
                0x000000000800c1c4                DebugMon_Handler
 .text.PendSV_Handler
                0x000000000800c1d2        0xe Src/stm32f4xx_it.o
                0x000000000800c1d2                PendSV_Handler
 .text.SysTick_Handler
                0x000000000800c1e0        0xc Src/stm32f4xx_it.o
                0x000000000800c1e0                SysTick_Handler
 .text.TIM6_DAC_IRQHandler
                0x000000000800c1ec       0x14 Src/stm32f4xx_it.o
                0x000000000800c1ec                TIM6_DAC_IRQHandler
 .text._read    0x000000000800c200       0x3a Src/syscalls.o
                0x000000000800c200                _read
 .text._write   0x000000000800c23a       0x38 Src/syscalls.o
                0x000000000800c23a                _write
 .text._close   0x000000000800c272       0x18 Src/syscalls.o
                0x000000000800c272                _close
 .text._fstat   0x000000000800c28a       0x20 Src/syscalls.o
                0x000000000800c28a                _fstat
 .text._isatty  0x000000000800c2aa       0x16 Src/syscalls.o
                0x000000000800c2aa                _isatty
 .text._lseek   0x000000000800c2c0       0x1a Src/syscalls.o
                0x000000000800c2c0                _lseek
 *fill*         0x000000000800c2da        0x2 
 .text._sbrk    0x000000000800c2dc       0x58 Src/sysmem.o
                0x000000000800c2dc                _sbrk
 .text.SystemInit
                0x000000000800c334       0x6c Src/system_stm32f4xx.o
                0x000000000800c334                SystemInit
 .text.Reset_Handler
                0x000000000800c3a0       0x50 Startup/startup_stm32f405rgtx.o
                0x000000000800c3a0                Reset_Handler
 .text.Default_Handler
                0x000000000800c3f0        0x2 Startup/startup_stm32f405rgtx.o
                0x000000000800c3f0                RTC_Alarm_IRQHandler
                0x000000000800c3f0                HASH_RNG_IRQHandler
                0x000000000800c3f0                EXTI2_IRQHandler
                0x000000000800c3f0                TIM8_CC_IRQHandler
                0x000000000800c3f0                TIM1_CC_IRQHandler
                0x000000000800c3f0                DMA2_Stream5_IRQHandler
                0x000000000800c3f0                DMA1_Stream5_IRQHandler
                0x000000000800c3f0                PVD_IRQHandler
                0x000000000800c3f0                SDIO_IRQHandler
                0x000000000800c3f0                TAMP_STAMP_IRQHandler
                0x000000000800c3f0                CAN2_RX1_IRQHandler
                0x000000000800c3f0                EXTI3_IRQHandler
                0x000000000800c3f0                TIM8_TRG_COM_TIM14_IRQHandler
                0x000000000800c3f0                TIM1_UP_TIM10_IRQHandler
                0x000000000800c3f0                TIM8_UP_TIM13_IRQHandler
                0x000000000800c3f0                I2C3_ER_IRQHandler
                0x000000000800c3f0                EXTI0_IRQHandler
                0x000000000800c3f0                I2C2_EV_IRQHandler
                0x000000000800c3f0                DMA1_Stream2_IRQHandler
                0x000000000800c3f0                CAN1_RX0_IRQHandler
                0x000000000800c3f0                FPU_IRQHandler
                0x000000000800c3f0                OTG_HS_WKUP_IRQHandler
                0x000000000800c3f0                CAN2_SCE_IRQHandler
                0x000000000800c3f0                DMA2_Stream2_IRQHandler
                0x000000000800c3f0                SPI1_IRQHandler
                0x000000000800c3f0                TIM1_BRK_TIM9_IRQHandler
                0x000000000800c3f0                CAN2_RX0_IRQHandler
                0x000000000800c3f0                DMA2_Stream3_IRQHandler
                0x000000000800c3f0                USART6_IRQHandler
                0x000000000800c3f0                USART3_IRQHandler
                0x000000000800c3f0                CAN1_RX1_IRQHandler
                0x000000000800c3f0                UART5_IRQHandler
                0x000000000800c3f0                DMA2_Stream0_IRQHandler
                0x000000000800c3f0                TIM4_IRQHandler
                0x000000000800c3f0                I2C1_EV_IRQHandler
                0x000000000800c3f0                DMA1_Stream6_IRQHandler
                0x000000000800c3f0                DMA1_Stream1_IRQHandler
                0x000000000800c3f0                UART4_IRQHandler
                0x000000000800c3f0                TIM3_IRQHandler
                0x000000000800c3f0                RCC_IRQHandler
                0x000000000800c3f0                TIM8_BRK_TIM12_IRQHandler
                0x000000000800c3f0                Default_Handler
                0x000000000800c3f0                EXTI15_10_IRQHandler
                0x000000000800c3f0                ADC_IRQHandler
                0x000000000800c3f0                DMA1_Stream7_IRQHandler
                0x000000000800c3f0                TIM7_IRQHandler
                0x000000000800c3f0                CAN2_TX_IRQHandler
                0x000000000800c3f0                TIM5_IRQHandler
                0x000000000800c3f0                DMA2_Stream7_IRQHandler
                0x000000000800c3f0                I2C3_EV_IRQHandler
                0x000000000800c3f0                EXTI9_5_IRQHandler
                0x000000000800c3f0                RTC_WKUP_IRQHandler
                0x000000000800c3f0                SPI2_IRQHandler
                0x000000000800c3f0                OTG_HS_EP1_IN_IRQHandler
                0x000000000800c3f0                DMA1_Stream0_IRQHandler
                0x000000000800c3f0                CAN1_TX_IRQHandler
                0x000000000800c3f0                EXTI4_IRQHandler
                0x000000000800c3f0                FSMC_IRQHandler
                0x000000000800c3f0                OTG_HS_EP1_OUT_IRQHandler
                0x000000000800c3f0                WWDG_IRQHandler
                0x000000000800c3f0                TIM2_IRQHandler
                0x000000000800c3f0                OTG_FS_WKUP_IRQHandler
                0x000000000800c3f0                TIM1_TRG_COM_TIM11_IRQHandler
                0x000000000800c3f0                OTG_HS_IRQHandler
                0x000000000800c3f0                EXTI1_IRQHandler
                0x000000000800c3f0                USART2_IRQHandler
                0x000000000800c3f0                I2C2_ER_IRQHandler
                0x000000000800c3f0                DMA2_Stream1_IRQHandler
                0x000000000800c3f0                CAN1_SCE_IRQHandler
                0x000000000800c3f0                FLASH_IRQHandler
                0x000000000800c3f0                DMA2_Stream4_IRQHandler
                0x000000000800c3f0                USART1_IRQHandler
                0x000000000800c3f0                OTG_FS_IRQHandler
                0x000000000800c3f0                SPI3_IRQHandler
                0x000000000800c3f0                DMA1_Stream4_IRQHandler
                0x000000000800c3f0                I2C1_ER_IRQHandler
                0x000000000800c3f0                DMA2_Stream6_IRQHandler
                0x000000000800c3f0                DMA1_Stream3_IRQHandler
 *fill*         0x000000000800c3f2        0x2 
 .text.__errno  0x000000000800c3f4        0xc c:/st/stm32cubeide_1.0.1/stm32cubeide/plugins/com.st.stm32cube.ide.mcu.externaltools.gnu-tools-for-stm32.7-2018-q2-update.win32_1.0.0.201904181610/tools/bin/../lib/gcc/arm-none-eabi/7.3.1/../../../../arm-none-eabi/lib/thumb/v7e-m/fpv4-sp/hard\libc_nano.a(lib_a-errno.o)
                0x000000000800c3f4                __errno
 .text.__libc_init_array
                0x000000000800c400       0x48 c:/st/stm32cubeide_1.0.1/stm32cubeide/plugins/com.st.stm32cube.ide.mcu.externaltools.gnu-tools-for-stm32.7-2018-q2-update.win32_1.0.0.201904181610/tools/bin/../lib/gcc/arm-none-eabi/7.3.1/../../../../arm-none-eabi/lib/thumb/v7e-m/fpv4-sp/hard\libc_nano.a(lib_a-init.o)
                0x000000000800c400                __libc_init_array
 .text.memset   0x000000000800c448       0x10 c:/st/stm32cubeide_1.0.1/stm32cubeide/plugins/com.st.stm32cube.ide.mcu.externaltools.gnu-tools-for-stm32.7-2018-q2-update.win32_1.0.0.201904181610/tools/bin/../lib/gcc/arm-none-eabi/7.3.1/../../../../arm-none-eabi/lib/thumb/v7e-m/fpv4-sp/hard\libc_nano.a(lib_a-memset.o)
                0x000000000800c448                memset
 .text.printf   0x000000000800c458       0x30 c:/st/stm32cubeide_1.0.1/stm32cubeide/plugins/com.st.stm32cube.ide.mcu.externaltools.gnu-tools-for-stm32.7-2018-q2-update.win32_1.0.0.201904181610/tools/bin/../lib/gcc/arm-none-eabi/7.3.1/../../../../arm-none-eabi/lib/thumb/v7e-m/fpv4-sp/hard\libc_nano.a(lib_a-printf.o)
                0x000000000800c458                iprintf
                0x000000000800c458                printf
 .text._puts_r  0x000000000800c488       0xb8 c:/st/stm32cubeide_1.0.1/stm32cubeide/plugins/com.st.stm32cube.ide.mcu.externaltools.gnu-tools-for-stm32.7-2018-q2-update.win32_1.0.0.201904181610/tools/bin/../lib/gcc/arm-none-eabi/7.3.1/../../../../arm-none-eabi/lib/thumb/v7e-m/fpv4-sp/hard\libc_nano.a(lib_a-puts.o)
                0x000000000800c488                _puts_r
 .text.puts     0x000000000800c540       0x10 c:/st/stm32cubeide_1.0.1/stm32cubeide/plugins/com.st.stm32cube.ide.mcu.externaltools.gnu-tools-for-stm32.7-2018-q2-update.win32_1.0.0.201904181610/tools/bin/../lib/gcc/arm-none-eabi/7.3.1/../../../../arm-none-eabi/lib/thumb/v7e-m/fpv4-sp/hard\libc_nano.a(lib_a-puts.o)
                0x000000000800c540                puts
 .text.setbuf   0x000000000800c550       0x10 c:/st/stm32cubeide_1.0.1/stm32cubeide/plugins/com.st.stm32cube.ide.mcu.externaltools.gnu-tools-for-stm32.7-2018-q2-update.win32_1.0.0.201904181610/tools/bin/../lib/gcc/arm-none-eabi/7.3.1/../../../../arm-none-eabi/lib/thumb/v7e-m/fpv4-sp/hard\libc_nano.a(lib_a-setbuf.o)
                0x000000000800c550                setbuf
 .text.setvbuf  0x000000000800c560      0x15c c:/st/stm32cubeide_1.0.1/stm32cubeide/plugins/com.st.stm32cube.ide.mcu.externaltools.gnu-tools-for-stm32.7-2018-q2-update.win32_1.0.0.201904181610/tools/bin/../lib/gcc/arm-none-eabi/7.3.1/../../../../arm-none-eabi/lib/thumb/v7e-m/fpv4-sp/hard\libc_nano.a(lib_a-setvbuf.o)
                0x000000000800c560                setvbuf
 .text.__swbuf_r
                0x000000000800c6bc       0xa4 c:/st/stm32cubeide_1.0.1/stm32cubeide/plugins/com.st.stm32cube.ide.mcu.externaltools.gnu-tools-for-stm32.7-2018-q2-update.win32_1.0.0.201904181610/tools/bin/../lib/gcc/arm-none-eabi/7.3.1/../../../../arm-none-eabi/lib/thumb/v7e-m/fpv4-sp/hard\libc_nano.a(lib_a-wbuf.o)
                0x000000000800c6bc                __swbuf_r
 .text.__swsetup_r
                0x000000000800c760       0xdc c:/st/stm32cubeide_1.0.1/stm32cubeide/plugins/com.st.stm32cube.ide.mcu.externaltools.gnu-tools-for-stm32.7-2018-q2-update.win32_1.0.0.201904181610/tools/bin/../lib/gcc/arm-none-eabi/7.3.1/../../../../arm-none-eabi/lib/thumb/v7e-m/fpv4-sp/hard\libc_nano.a(lib_a-wsetup.o)
                0x000000000800c760                __swsetup_r
 .text.__sflush_r
                0x000000000800c83c      0x10c c:/st/stm32cubeide_1.0.1/stm32cubeide/plugins/com.st.stm32cube.ide.mcu.externaltools.gnu-tools-for-stm32.7-2018-q2-update.win32_1.0.0.201904181610/tools/bin/../lib/gcc/arm-none-eabi/7.3.1/../../../../arm-none-eabi/lib/thumb/v7e-m/fpv4-sp/hard\libc_nano.a(lib_a-fflush.o)
                0x000000000800c83c                __sflush_r
 .text._fflush_r
                0x000000000800c948       0x54 c:/st/stm32cubeide_1.0.1/stm32cubeide/plugins/com.st.stm32cube.ide.mcu.externaltools.gnu-tools-for-stm32.7-2018-q2-update.win32_1.0.0.201904181610/tools/bin/../lib/gcc/arm-none-eabi/7.3.1/../../../../arm-none-eabi/lib/thumb/v7e-m/fpv4-sp/hard\libc_nano.a(lib_a-fflush.o)
                0x000000000800c948                _fflush_r
 .text.std      0x000000000800c99c       0x48 c:/st/stm32cubeide_1.0.1/stm32cubeide/plugins/com.st.stm32cube.ide.mcu.externaltools.gnu-tools-for-stm32.7-2018-q2-update.win32_1.0.0.201904181610/tools/bin/../lib/gcc/arm-none-eabi/7.3.1/../../../../arm-none-eabi/lib/thumb/v7e-m/fpv4-sp/hard\libc_nano.a(lib_a-findfp.o)
 .text._cleanup_r
                0x000000000800c9e4        0xc c:/st/stm32cubeide_1.0.1/stm32cubeide/plugins/com.st.stm32cube.ide.mcu.externaltools.gnu-tools-for-stm32.7-2018-q2-update.win32_1.0.0.201904181610/tools/bin/../lib/gcc/arm-none-eabi/7.3.1/../../../../arm-none-eabi/lib/thumb/v7e-m/fpv4-sp/hard\libc_nano.a(lib_a-findfp.o)
                0x000000000800c9e4                _cleanup_r
 .text.__sfmoreglue
                0x000000000800c9f0       0x2c c:/st/stm32cubeide_1.0.1/stm32cubeide/plugins/com.st.stm32cube.ide.mcu.externaltools.gnu-tools-for-stm32.7-2018-q2-update.win32_1.0.0.201904181610/tools/bin/../lib/gcc/arm-none-eabi/7.3.1/../../../../arm-none-eabi/lib/thumb/v7e-m/fpv4-sp/hard\libc_nano.a(lib_a-findfp.o)
                0x000000000800c9f0                __sfmoreglue
 .text.__sinit  0x000000000800ca1c       0x60 c:/st/stm32cubeide_1.0.1/stm32cubeide/plugins/com.st.stm32cube.ide.mcu.externaltools.gnu-tools-for-stm32.7-2018-q2-update.win32_1.0.0.201904181610/tools/bin/../lib/gcc/arm-none-eabi/7.3.1/../../../../arm-none-eabi/lib/thumb/v7e-m/fpv4-sp/hard\libc_nano.a(lib_a-findfp.o)
                0x000000000800ca1c                __sinit
 .text.__sfp    0x000000000800ca7c       0x78 c:/st/stm32cubeide_1.0.1/stm32cubeide/plugins/com.st.stm32cube.ide.mcu.externaltools.gnu-tools-for-stm32.7-2018-q2-update.win32_1.0.0.201904181610/tools/bin/../lib/gcc/arm-none-eabi/7.3.1/../../../../arm-none-eabi/lib/thumb/v7e-m/fpv4-sp/hard\libc_nano.a(lib_a-findfp.o)
                0x000000000800ca7c                __sfp
 .text._fwalk_reent
                0x000000000800caf4       0x3c c:/st/stm32cubeide_1.0.1/stm32cubeide/plugins/com.st.stm32cube.ide.mcu.externaltools.gnu-tools-for-stm32.7-2018-q2-update.win32_1.0.0.201904181610/tools/bin/../lib/gcc/arm-none-eabi/7.3.1/../../../../arm-none-eabi/lib/thumb/v7e-m/fpv4-sp/hard\libc_nano.a(lib_a-fwalk.o)
                0x000000000800caf4                _fwalk_reent
 .text.__swhatbuf_r
                0x000000000800cb30       0x48 c:/st/stm32cubeide_1.0.1/stm32cubeide/plugins/com.st.stm32cube.ide.mcu.externaltools.gnu-tools-for-stm32.7-2018-q2-update.win32_1.0.0.201904181610/tools/bin/../lib/gcc/arm-none-eabi/7.3.1/../../../../arm-none-eabi/lib/thumb/v7e-m/fpv4-sp/hard\libc_nano.a(lib_a-makebuf.o)
                0x000000000800cb30                __swhatbuf_r
 .text.__smakebuf_r
                0x000000000800cb78       0x80 c:/st/stm32cubeide_1.0.1/stm32cubeide/plugins/com.st.stm32cube.ide.mcu.externaltools.gnu-tools-for-stm32.7-2018-q2-update.win32_1.0.0.201904181610/tools/bin/../lib/gcc/arm-none-eabi/7.3.1/../../../../arm-none-eabi/lib/thumb/v7e-m/fpv4-sp/hard\libc_nano.a(lib_a-makebuf.o)
                0x000000000800cb78                __smakebuf_r
 .text.malloc   0x000000000800cbf8       0x10 c:/st/stm32cubeide_1.0.1/stm32cubeide/plugins/com.st.stm32cube.ide.mcu.externaltools.gnu-tools-for-stm32.7-2018-q2-update.win32_1.0.0.201904181610/tools/bin/../lib/gcc/arm-none-eabi/7.3.1/../../../../arm-none-eabi/lib/thumb/v7e-m/fpv4-sp/hard\libc_nano.a(lib_a-malloc.o)
                0x000000000800cbf8                malloc
 .text._free_r  0x000000000800cc08       0x9c c:/st/stm32cubeide_1.0.1/stm32cubeide/plugins/com.st.stm32cube.ide.mcu.externaltools.gnu-tools-for-stm32.7-2018-q2-update.win32_1.0.0.201904181610/tools/bin/../lib/gcc/arm-none-eabi/7.3.1/../../../../arm-none-eabi/lib/thumb/v7e-m/fpv4-sp/hard\libc_nano.a(lib_a-nano-freer.o)
                0x000000000800cc08                _free_r
 .text._malloc_r
                0x000000000800cca4       0xb4 c:/st/stm32cubeide_1.0.1/stm32cubeide/plugins/com.st.stm32cube.ide.mcu.externaltools.gnu-tools-for-stm32.7-2018-q2-update.win32_1.0.0.201904181610/tools/bin/../lib/gcc/arm-none-eabi/7.3.1/../../../../arm-none-eabi/lib/thumb/v7e-m/fpv4-sp/hard\libc_nano.a(lib_a-nano-mallocr.o)
                0x000000000800cca4                _malloc_r
 .text.__sfputc_r
                0x000000000800cd58       0x2e c:/st/stm32cubeide_1.0.1/stm32cubeide/plugins/com.st.stm32cube.ide.mcu.externaltools.gnu-tools-for-stm32.7-2018-q2-update.win32_1.0.0.201904181610/tools/bin/../lib/gcc/arm-none-eabi/7.3.1/../../../../arm-none-eabi/lib/thumb/v7e-m/fpv4-sp/hard\libc_nano.a(lib_a-nano-vfprintf.o)
 .text.__sfputs_r
                0x000000000800cd86       0x24 c:/st/stm32cubeide_1.0.1/stm32cubeide/plugins/com.st.stm32cube.ide.mcu.externaltools.gnu-tools-for-stm32.7-2018-q2-update.win32_1.0.0.201904181610/tools/bin/../lib/gcc/arm-none-eabi/7.3.1/../../../../arm-none-eabi/lib/thumb/v7e-m/fpv4-sp/hard\libc_nano.a(lib_a-nano-vfprintf.o)
                0x000000000800cd86                __sfputs_r
 *fill*         0x000000000800cdaa        0x2 
 .text._vfprintf_r
                0x000000000800cdac      0x22c c:/st/stm32cubeide_1.0.1/stm32cubeide/plugins/com.st.stm32cube.ide.mcu.externaltools.gnu-tools-for-stm32.7-2018-q2-update.win32_1.0.0.201904181610/tools/bin/../lib/gcc/arm-none-eabi/7.3.1/../../../../arm-none-eabi/lib/thumb/v7e-m/fpv4-sp/hard\libc_nano.a(lib_a-nano-vfprintf.o)
                0x000000000800cdac                _vfprintf_r
                0x000000000800cdac                _vfiprintf_r
 .text._printf_common
                0x000000000800cfd8       0xea c:/st/stm32cubeide_1.0.1/stm32cubeide/plugins/com.st.stm32cube.ide.mcu.externaltools.gnu-tools-for-stm32.7-2018-q2-update.win32_1.0.0.201904181610/tools/bin/../lib/gcc/arm-none-eabi/7.3.1/../../../../arm-none-eabi/lib/thumb/v7e-m/fpv4-sp/hard\libc_nano.a(lib_a-nano-vfprintf_i.o)
                0x000000000800cfd8                _printf_common
 *fill*         0x000000000800d0c2        0x2 
 .text._printf_i
                0x000000000800d0c4      0x224 c:/st/stm32cubeide_1.0.1/stm32cubeide/plugins/com.st.stm32cube.ide.mcu.externaltools.gnu-tools-for-stm32.7-2018-q2-update.win32_1.0.0.201904181610/tools/bin/../lib/gcc/arm-none-eabi/7.3.1/../../../../arm-none-eabi/lib/thumb/v7e-m/fpv4-sp/hard\libc_nano.a(lib_a-nano-vfprintf_i.o)
                0x000000000800d0c4                _printf_i
 .text._sbrk_r  0x000000000800d2e8       0x20 c:/st/stm32cubeide_1.0.1/stm32cubeide/plugins/com.st.stm32cube.ide.mcu.externaltools.gnu-tools-for-stm32.7-2018-q2-update.win32_1.0.0.201904181610/tools/bin/../lib/gcc/arm-none-eabi/7.3.1/../../../../arm-none-eabi/lib/thumb/v7e-m/fpv4-sp/hard\libc_nano.a(lib_a-sbrkr.o)
                0x000000000800d2e8                _sbrk_r
 .text.__sread  0x000000000800d308       0x22 c:/st/stm32cubeide_1.0.1/stm32cubeide/plugins/com.st.stm32cube.ide.mcu.externaltools.gnu-tools-for-stm32.7-2018-q2-update.win32_1.0.0.201904181610/tools/bin/../lib/gcc/arm-none-eabi/7.3.1/../../../../arm-none-eabi/lib/thumb/v7e-m/fpv4-sp/hard\libc_nano.a(lib_a-stdio.o)
                0x000000000800d308                __sread
 .text.__swrite
                0x000000000800d32a       0x38 c:/st/stm32cubeide_1.0.1/stm32cubeide/plugins/com.st.stm32cube.ide.mcu.externaltools.gnu-tools-for-stm32.7-2018-q2-update.win32_1.0.0.201904181610/tools/bin/../lib/gcc/arm-none-eabi/7.3.1/../../../../arm-none-eabi/lib/thumb/v7e-m/fpv4-sp/hard\libc_nano.a(lib_a-stdio.o)
                0x000000000800d32a                __swrite
 .text.__sseek  0x000000000800d362       0x24 c:/st/stm32cubeide_1.0.1/stm32cubeide/plugins/com.st.stm32cube.ide.mcu.externaltools.gnu-tools-for-stm32.7-2018-q2-update.win32_1.0.0.201904181610/tools/bin/../lib/gcc/arm-none-eabi/7.3.1/../../../../arm-none-eabi/lib/thumb/v7e-m/fpv4-sp/hard\libc_nano.a(lib_a-stdio.o)
                0x000000000800d362                __sseek
 .text.__sclose
                0x000000000800d386        0x8 c:/st/stm32cubeide_1.0.1/stm32cubeide/plugins/com.st.stm32cube.ide.mcu.externaltools.gnu-tools-for-stm32.7-2018-q2-update.win32_1.0.0.201904181610/tools/bin/../lib/gcc/arm-none-eabi/7.3.1/../../../../arm-none-eabi/lib/thumb/v7e-m/fpv4-sp/hard\libc_nano.a(lib_a-stdio.o)
                0x000000000800d386                __sclose
 *fill*         0x000000000800d38e        0x2 
 .text._write_r
                0x000000000800d390       0x24 c:/st/stm32cubeide_1.0.1/stm32cubeide/plugins/com.st.stm32cube.ide.mcu.externaltools.gnu-tools-for-stm32.7-2018-q2-update.win32_1.0.0.201904181610/tools/bin/../lib/gcc/arm-none-eabi/7.3.1/../../../../arm-none-eabi/lib/thumb/v7e-m/fpv4-sp/hard\libc_nano.a(lib_a-writer.o)
                0x000000000800d390                _write_r
 .text._close_r
                0x000000000800d3b4       0x20 c:/st/stm32cubeide_1.0.1/stm32cubeide/plugins/com.st.stm32cube.ide.mcu.externaltools.gnu-tools-for-stm32.7-2018-q2-update.win32_1.0.0.201904181610/tools/bin/../lib/gcc/arm-none-eabi/7.3.1/../../../../arm-none-eabi/lib/thumb/v7e-m/fpv4-sp/hard\libc_nano.a(lib_a-closer.o)
                0x000000000800d3b4                _close_r
 .text._fstat_r
                0x000000000800d3d4       0x24 c:/st/stm32cubeide_1.0.1/stm32cubeide/plugins/com.st.stm32cube.ide.mcu.externaltools.gnu-tools-for-stm32.7-2018-q2-update.win32_1.0.0.201904181610/tools/bin/../lib/gcc/arm-none-eabi/7.3.1/../../../../arm-none-eabi/lib/thumb/v7e-m/fpv4-sp/hard\libc_nano.a(lib_a-fstatr.o)
                0x000000000800d3d4                _fstat_r
 .text._isatty_r
                0x000000000800d3f8       0x20 c:/st/stm32cubeide_1.0.1/stm32cubeide/plugins/com.st.stm32cube.ide.mcu.externaltools.gnu-tools-for-stm32.7-2018-q2-update.win32_1.0.0.201904181610/tools/bin/../lib/gcc/arm-none-eabi/7.3.1/../../../../arm-none-eabi/lib/thumb/v7e-m/fpv4-sp/hard\libc_nano.a(lib_a-isattyr.o)
                0x000000000800d3f8                _isatty_r
 .text._lseek_r
                0x000000000800d418       0x24 c:/st/stm32cubeide_1.0.1/stm32cubeide/plugins/com.st.stm32cube.ide.mcu.externaltools.gnu-tools-for-stm32.7-2018-q2-update.win32_1.0.0.201904181610/tools/bin/../lib/gcc/arm-none-eabi/7.3.1/../../../../arm-none-eabi/lib/thumb/v7e-m/fpv4-sp/hard\libc_nano.a(lib_a-lseekr.o)
                0x000000000800d418                _lseek_r
 .text.__malloc_lock
                0x000000000800d43c        0x2 c:/st/stm32cubeide_1.0.1/stm32cubeide/plugins/com.st.stm32cube.ide.mcu.externaltools.gnu-tools-for-stm32.7-2018-q2-update.win32_1.0.0.201904181610/tools/bin/../lib/gcc/arm-none-eabi/7.3.1/../../../../arm-none-eabi/lib/thumb/v7e-m/fpv4-sp/hard\libc_nano.a(lib_a-mlock.o)
                0x000000000800d43c                __malloc_lock
 .text.__malloc_unlock
                0x000000000800d43e        0x2 c:/st/stm32cubeide_1.0.1/stm32cubeide/plugins/com.st.stm32cube.ide.mcu.externaltools.gnu-tools-for-stm32.7-2018-q2-update.win32_1.0.0.201904181610/tools/bin/../lib/gcc/arm-none-eabi/7.3.1/../../../../arm-none-eabi/lib/thumb/v7e-m/fpv4-sp/hard\libc_nano.a(lib_a-mlock.o)
                0x000000000800d43e                __malloc_unlock
 .text._read_r  0x000000000800d440       0x24 c:/st/stm32cubeide_1.0.1/stm32cubeide/plugins/com.st.stm32cube.ide.mcu.externaltools.gnu-tools-for-stm32.7-2018-q2-update.win32_1.0.0.201904181610/tools/bin/../lib/gcc/arm-none-eabi/7.3.1/../../../../arm-none-eabi/lib/thumb/v7e-m/fpv4-sp/hard\libc_nano.a(lib_a-readr.o)
                0x000000000800d440                _read_r
 .text.sqrt     0x000000000800d464       0xb4 c:/st/stm32cubeide_1.0.1/stm32cubeide/plugins/com.st.stm32cube.ide.mcu.externaltools.gnu-tools-for-stm32.7-2018-q2-update.win32_1.0.0.201904181610/tools/bin/../lib/gcc/arm-none-eabi/7.3.1/../../../../arm-none-eabi/lib/thumb/v7e-m/fpv4-sp/hard\libm.a(lib_a-w_sqrt.o)
                0x000000000800d464                sqrt
 .text.__ieee754_sqrt
                0x000000000800d518      0x160 c:/st/stm32cubeide_1.0.1/stm32cubeide/plugins/com.st.stm32cube.ide.mcu.externaltools.gnu-tools-for-stm32.7-2018-q2-update.win32_1.0.0.201904181610/tools/bin/../lib/gcc/arm-none-eabi/7.3.1/../../../../arm-none-eabi/lib/thumb/v7e-m/fpv4-sp/hard\libm.a(lib_a-e_sqrt.o)
                0x000000000800d518                __ieee754_sqrt
 .text.matherr  0x000000000800d678        0x4 c:/st/stm32cubeide_1.0.1/stm32cubeide/plugins/com.st.stm32cube.ide.mcu.externaltools.gnu-tools-for-stm32.7-2018-q2-update.win32_1.0.0.201904181610/tools/bin/../lib/gcc/arm-none-eabi/7.3.1/../../../../arm-none-eabi/lib/thumb/v7e-m/fpv4-sp/hard\libm.a(lib_a-s_matherr.o)
                0x000000000800d678                matherr
 *(.glue_7)
 .glue_7        0x000000000800d67c        0x0 linker stubs
 *(.glue_7t)
 .glue_7t       0x000000000800d67c        0x0 linker stubs
 *(.eh_frame)
 .eh_frame      0x000000000800d67c        0x0 c:/st/stm32cubeide_1.0.1/stm32cubeide/plugins/com.st.stm32cube.ide.mcu.externaltools.gnu-tools-for-stm32.7-2018-q2-update.win32_1.0.0.201904181610/tools/bin/../lib/gcc/arm-none-eabi/7.3.1/thumb/v7e-m/fpv4-sp/hard/crtbegin.o
 *(.init)
 .init          0x000000000800d67c        0x4 c:/st/stm32cubeide_1.0.1/stm32cubeide/plugins/com.st.stm32cube.ide.mcu.externaltools.gnu-tools-for-stm32.7-2018-q2-update.win32_1.0.0.201904181610/tools/bin/../lib/gcc/arm-none-eabi/7.3.1/thumb/v7e-m/fpv4-sp/hard/crti.o
                0x000000000800d67c                _init
 .init          0x000000000800d680        0x8 c:/st/stm32cubeide_1.0.1/stm32cubeide/plugins/com.st.stm32cube.ide.mcu.externaltools.gnu-tools-for-stm32.7-2018-q2-update.win32_1.0.0.201904181610/tools/bin/../lib/gcc/arm-none-eabi/7.3.1/thumb/v7e-m/fpv4-sp/hard/crtn.o
 *(.fini)
 .fini          0x000000000800d688        0x4 c:/st/stm32cubeide_1.0.1/stm32cubeide/plugins/com.st.stm32cube.ide.mcu.externaltools.gnu-tools-for-stm32.7-2018-q2-update.win32_1.0.0.201904181610/tools/bin/../lib/gcc/arm-none-eabi/7.3.1/thumb/v7e-m/fpv4-sp/hard/crti.o
                0x000000000800d688                _fini
 .fini          0x000000000800d68c        0x8 c:/st/stm32cubeide_1.0.1/stm32cubeide/plugins/com.st.stm32cube.ide.mcu.externaltools.gnu-tools-for-stm32.7-2018-q2-update.win32_1.0.0.201904181610/tools/bin/../lib/gcc/arm-none-eabi/7.3.1/thumb/v7e-m/fpv4-sp/hard/crtn.o
                0x000000000800d694                . = ALIGN (0x4)
                0x000000000800d694                _etext = .

.vfp11_veneer   0x000000000800d694        0x0
 .vfp11_veneer  0x000000000800d694        0x0 linker stubs

.v4_bx          0x000000000800d694        0x0
 .v4_bx         0x000000000800d694        0x0 linker stubs

.iplt           0x000000000800d694        0x0
 .iplt          0x000000000800d694        0x0 c:/st/stm32cubeide_1.0.1/stm32cubeide/plugins/com.st.stm32cube.ide.mcu.externaltools.gnu-tools-for-stm32.7-2018-q2-update.win32_1.0.0.201904181610/tools/bin/../lib/gcc/arm-none-eabi/7.3.1/thumb/v7e-m/fpv4-sp/hard/crtbegin.o

.rodata         0x000000000800d694      0x464
                0x000000000800d694                . = ALIGN (0x4)
 *(.rodata)
 .rodata        0x000000000800d694      0x257 Src/drive.o
 *fill*         0x000000000800d8eb        0x1 
 .rodata        0x000000000800d8ec       0x14 Src/gyro.o
 .rodata        0x000000000800d900       0x6a Src/main.o
 *fill*         0x000000000800d96a        0x2 
 .rodata        0x000000000800d96c       0x34 Src/search.o
 .rodata        0x000000000800d9a0       0xa2 Src/sensor.o
 *(.rodata*)
 *fill*         0x000000000800da42        0x2 
 .rodata.AHBPrescTable
                0x000000000800da44       0x10 Src/system_stm32f4xx.o
                0x000000000800da44                AHBPrescTable
 .rodata.APBPrescTable
                0x000000000800da54        0x8 Src/system_stm32f4xx.o
                0x000000000800da54                APBPrescTable
 .rodata._global_impure_ptr
                0x000000000800da5c        0x4 c:/st/stm32cubeide_1.0.1/stm32cubeide/plugins/com.st.stm32cube.ide.mcu.externaltools.gnu-tools-for-stm32.7-2018-q2-update.win32_1.0.0.201904181610/tools/bin/../lib/gcc/arm-none-eabi/7.3.1/../../../../arm-none-eabi/lib/thumb/v7e-m/fpv4-sp/hard\libc_nano.a(lib_a-impure.o)
                0x000000000800da5c                _global_impure_ptr
 .rodata.__sf_fake_stderr
                0x000000000800da60       0x20 c:/st/stm32cubeide_1.0.1/stm32cubeide/plugins/com.st.stm32cube.ide.mcu.externaltools.gnu-tools-for-stm32.7-2018-q2-update.win32_1.0.0.201904181610/tools/bin/../lib/gcc/arm-none-eabi/7.3.1/../../../../arm-none-eabi/lib/thumb/v7e-m/fpv4-sp/hard\libc_nano.a(lib_a-findfp.o)
                0x000000000800da60                __sf_fake_stderr
 .rodata.__sf_fake_stdin
                0x000000000800da80       0x20 c:/st/stm32cubeide_1.0.1/stm32cubeide/plugins/com.st.stm32cube.ide.mcu.externaltools.gnu-tools-for-stm32.7-2018-q2-update.win32_1.0.0.201904181610/tools/bin/../lib/gcc/arm-none-eabi/7.3.1/../../../../arm-none-eabi/lib/thumb/v7e-m/fpv4-sp/hard\libc_nano.a(lib_a-findfp.o)
                0x000000000800da80                __sf_fake_stdin
 .rodata.__sf_fake_stdout
                0x000000000800daa0       0x20 c:/st/stm32cubeide_1.0.1/stm32cubeide/plugins/com.st.stm32cube.ide.mcu.externaltools.gnu-tools-for-stm32.7-2018-q2-update.win32_1.0.0.201904181610/tools/bin/../lib/gcc/arm-none-eabi/7.3.1/../../../../arm-none-eabi/lib/thumb/v7e-m/fpv4-sp/hard\libc_nano.a(lib_a-findfp.o)
                0x000000000800daa0                __sf_fake_stdout
 .rodata._vfprintf_r.str1.1
                0x000000000800dac0       0x11 c:/st/stm32cubeide_1.0.1/stm32cubeide/plugins/com.st.stm32cube.ide.mcu.externaltools.gnu-tools-for-stm32.7-2018-q2-update.win32_1.0.0.201904181610/tools/bin/../lib/gcc/arm-none-eabi/7.3.1/../../../../arm-none-eabi/lib/thumb/v7e-m/fpv4-sp/hard\libc_nano.a(lib_a-nano-vfprintf.o)
 .rodata._printf_i.str1.1
                0x000000000800dad1       0x22 c:/st/stm32cubeide_1.0.1/stm32cubeide/plugins/com.st.stm32cube.ide.mcu.externaltools.gnu-tools-for-stm32.7-2018-q2-update.win32_1.0.0.201904181610/tools/bin/../lib/gcc/arm-none-eabi/7.3.1/../../../../arm-none-eabi/lib/thumb/v7e-m/fpv4-sp/hard\libc_nano.a(lib_a-nano-vfprintf_i.o)
 .rodata.sqrt.str1.1
                0x000000000800daf3        0x5 c:/st/stm32cubeide_1.0.1/stm32cubeide/plugins/com.st.stm32cube.ide.mcu.externaltools.gnu-tools-for-stm32.7-2018-q2-update.win32_1.0.0.201904181610/tools/bin/../lib/gcc/arm-none-eabi/7.3.1/../../../../arm-none-eabi/lib/thumb/v7e-m/fpv4-sp/hard\libm.a(lib_a-w_sqrt.o)
                0x000000000800daf8                . = ALIGN (0x4)

.ARM.extab      0x000000000800daf8        0x0
                0x000000000800daf8                . = ALIGN (0x4)
 *(.ARM.extab* .gnu.linkonce.armextab.*)
                0x000000000800daf8                . = ALIGN (0x4)

.ARM            0x000000000800daf8        0x8
                0x000000000800daf8                . = ALIGN (0x4)
                0x000000000800daf8                __exidx_start = .
 *(.ARM.exidx*)
 .ARM.exidx     0x000000000800daf8        0x8 c:/st/stm32cubeide_1.0.1/stm32cubeide/plugins/com.st.stm32cube.ide.mcu.externaltools.gnu-tools-for-stm32.7-2018-q2-update.win32_1.0.0.201904181610/tools/bin/../lib/gcc/arm-none-eabi/7.3.1/thumb/v7e-m/fpv4-sp/hard\libgcc.a(_udivmoddi4.o)
                0x000000000800db00                __exidx_end = .
                0x000000000800db00                . = ALIGN (0x4)

.rel.dyn        0x000000000800db00        0x0
 .rel.iplt      0x000000000800db00        0x0 c:/st/stm32cubeide_1.0.1/stm32cubeide/plugins/com.st.stm32cube.ide.mcu.externaltools.gnu-tools-for-stm32.7-2018-q2-update.win32_1.0.0.201904181610/tools/bin/../lib/gcc/arm-none-eabi/7.3.1/thumb/v7e-m/fpv4-sp/hard/crtbegin.o

.preinit_array  0x000000000800db00        0x0
                0x000000000800db00                . = ALIGN (0x4)
                0x000000000800db00                PROVIDE (__preinit_array_start = .)
 *(.preinit_array*)
                0x000000000800db00                PROVIDE (__preinit_array_end = .)
                0x000000000800db00                . = ALIGN (0x4)

.init_array     0x000000000800db00        0x4
                0x000000000800db00                . = ALIGN (0x4)
                0x000000000800db00                PROVIDE (__init_array_start = .)
 *(SORT_BY_NAME(.init_array.*))
 *(.init_array*)
 .init_array    0x000000000800db00        0x4 c:/st/stm32cubeide_1.0.1/stm32cubeide/plugins/com.st.stm32cube.ide.mcu.externaltools.gnu-tools-for-stm32.7-2018-q2-update.win32_1.0.0.201904181610/tools/bin/../lib/gcc/arm-none-eabi/7.3.1/thumb/v7e-m/fpv4-sp/hard/crtbegin.o
                0x000000000800db04                PROVIDE (__init_array_end = .)
                0x000000000800db04                . = ALIGN (0x4)

.fini_array     0x000000000800db04        0x4
                0x000000000800db04                . = ALIGN (0x4)
                [!provide]                        PROVIDE (__fini_array_start = .)
 *(SORT_BY_NAME(.fini_array.*))
 *(.fini_array*)
 .fini_array    0x000000000800db04        0x4 c:/st/stm32cubeide_1.0.1/stm32cubeide/plugins/com.st.stm32cube.ide.mcu.externaltools.gnu-tools-for-stm32.7-2018-q2-update.win32_1.0.0.201904181610/tools/bin/../lib/gcc/arm-none-eabi/7.3.1/thumb/v7e-m/fpv4-sp/hard/crtbegin.o
                [!provide]                        PROVIDE (__fini_array_end = .)
                0x000000000800db08                . = ALIGN (0x4)
                0x000000000800db08                _sidata = LOADADDR (.data)

.data           0x0000000020000000      0x16c load address 0x000000000800db08
                0x0000000020000000                . = ALIGN (0x4)
                0x0000000020000000                _sdata = .
 *(.data)
 *(.data*)
 .data.uwTickPrio
                0x0000000020000000        0x4 Drivers/STM32F4xx_HAL_Driver/Src/stm32f4xx_hal.o
                0x0000000020000000                uwTickPrio
 .data.uwTickFreq
                0x0000000020000004        0x1 Drivers/STM32F4xx_HAL_Driver/Src/stm32f4xx_hal.o
                0x0000000020000004                uwTickFreq
 *fill*         0x0000000020000005        0x3 
 .data.mario_start
                0x0000000020000008       0x38 Src/main.o
                0x0000000020000008                mario_start
 .data.mario_select
                0x0000000020000040       0x10 Src/main.o
                0x0000000020000040                mario_select
 .data.mario_ok
                0x0000000020000050       0x38 Src/main.o
                0x0000000020000050                mario_ok
 .data.mario_goal
                0x0000000020000088       0x78 Src/main.o
                0x0000000020000088                mario_goal
 .data.SystemCoreClock
                0x0000000020000100        0x4 Src/system_stm32f4xx.o
                0x0000000020000100                SystemCoreClock
 .data._impure_ptr
                0x0000000020000104        0x4 c:/st/stm32cubeide_1.0.1/stm32cubeide/plugins/com.st.stm32cube.ide.mcu.externaltools.gnu-tools-for-stm32.7-2018-q2-update.win32_1.0.0.201904181610/tools/bin/../lib/gcc/arm-none-eabi/7.3.1/../../../../arm-none-eabi/lib/thumb/v7e-m/fpv4-sp/hard\libc_nano.a(lib_a-impure.o)
                0x0000000020000104                _impure_ptr
 .data.impure_data
                0x0000000020000108       0x60 c:/st/stm32cubeide_1.0.1/stm32cubeide/plugins/com.st.stm32cube.ide.mcu.externaltools.gnu-tools-for-stm32.7-2018-q2-update.win32_1.0.0.201904181610/tools/bin/../lib/gcc/arm-none-eabi/7.3.1/../../../../arm-none-eabi/lib/thumb/v7e-m/fpv4-sp/hard\libc_nano.a(lib_a-impure.o)
 .data.__fdlib_version
                0x0000000020000168        0x1 c:/st/stm32cubeide_1.0.1/stm32cubeide/plugins/com.st.stm32cube.ide.mcu.externaltools.gnu-tools-for-stm32.7-2018-q2-update.win32_1.0.0.201904181610/tools/bin/../lib/gcc/arm-none-eabi/7.3.1/../../../../arm-none-eabi/lib/thumb/v7e-m/fpv4-sp/hard\libm.a(lib_a-s_lib_ver.o)
                0x0000000020000168                __fdlib_version
                0x000000002000016c                . = ALIGN (0x4)
 *fill*         0x0000000020000169        0x3 
                0x000000002000016c                _edata = .

.igot.plt       0x000000002000016c        0x0 load address 0x000000000800dc74
 .igot.plt      0x000000002000016c        0x0 c:/st/stm32cubeide_1.0.1/stm32cubeide/plugins/com.st.stm32cube.ide.mcu.externaltools.gnu-tools-for-stm32.7-2018-q2-update.win32_1.0.0.201904181610/tools/bin/../lib/gcc/arm-none-eabi/7.3.1/thumb/v7e-m/fpv4-sp/hard/crtbegin.o
                0x000000002000016c                . = ALIGN (0x4)

.bss            0x000000002000016c      0xdac load address 0x000000000800dc74
                0x000000002000016c                _sbss = .
                0x000000002000016c                __bss_start__ = _sbss
 *(.bss)
 .bss           0x000000002000016c       0x1c c:/st/stm32cubeide_1.0.1/stm32cubeide/plugins/com.st.stm32cube.ide.mcu.externaltools.gnu-tools-for-stm32.7-2018-q2-update.win32_1.0.0.201904181610/tools/bin/../lib/gcc/arm-none-eabi/7.3.1/thumb/v7e-m/fpv4-sp/hard/crtbegin.o
 *(.bss*)
 .bss.log_cnt   0x0000000020000188        0x4 Src/main.o
                0x0000000020000188                log_cnt
 .bss.gyro_cnt  0x000000002000018c        0x4 Src/main.o
                0x000000002000018c                gyro_cnt
 .bss.get_cnt   0x0000000020000190        0x4 Src/main.o
                0x0000000020000190                get_cnt
 .bss.heap_end.6424
                0x0000000020000194        0x4 Src/sysmem.o
 .bss.__malloc_free_list
                0x0000000020000198        0x4 c:/st/stm32cubeide_1.0.1/stm32cubeide/plugins/com.st.stm32cube.ide.mcu.externaltools.gnu-tools-for-stm32.7-2018-q2-update.win32_1.0.0.201904181610/tools/bin/../lib/gcc/arm-none-eabi/7.3.1/../../../../arm-none-eabi/lib/thumb/v7e-m/fpv4-sp/hard\libc_nano.a(lib_a-nano-mallocr.o)
                0x0000000020000198                __malloc_free_list
 .bss.__malloc_sbrk_start
                0x000000002000019c        0x4 c:/st/stm32cubeide_1.0.1/stm32cubeide/plugins/com.st.stm32cube.ide.mcu.externaltools.gnu-tools-for-stm32.7-2018-q2-update.win32_1.0.0.201904181610/tools/bin/../lib/gcc/arm-none-eabi/7.3.1/../../../../arm-none-eabi/lib/thumb/v7e-m/fpv4-sp/hard\libc_nano.a(lib_a-nano-mallocr.o)
                0x000000002000019c                __malloc_sbrk_start
 *(COMMON)
 COMMON         0x00000000200001a0        0x4 Drivers/STM32F4xx_HAL_Driver/Src/stm32f4xx_hal.o
                0x00000000200001a0                uwTick
 COMMON         0x00000000200001a4       0x20 Drivers/STM32F4xx_HAL_Driver/Src/stm32f4xx_hal_flash.o
                0x00000000200001a4                pFlash
 COMMON         0x00000000200001c4       0x58 Src/gyro.o
                0x00000000200001c4                hspi3
 COMMON         0x000000002000021c      0xcf8 Src/main.o
                0x000000002000021c                dgl
                0x0000000020000220                target_speed_r
                0x0000000020000224                speed_max_r
                0x0000000020000228                target_omega_z
                0x000000002000022c                map
                0x000000002000032c                cnt_l
                0x0000000020000330                epsilon_sum
                0x0000000020000334                omega_min
                0x0000000020000338                speed_r
                0x000000002000033c                base_r
                0x0000000020000340                hz
                0x0000000020000344                wall_info
                0x0000000020000345                H_accel_flag
                0x0000000020000348                htim8
                0x0000000020000388                htim4
                0x00000000200003c8                base_l
                0x00000000200003ca                m_step
                0x00000000200003cc                degree_x
                0x00000000200003d0                accel_hs
                0x00000000200003d4                get_speed_r
                0x00000000200006f4                speed_max_l
                0x00000000200006f8                pulse_r
                0x00000000200006fc                get_speed_l
                0x0000000020000a1c                gyro_drift_flag
                0x0000000020000a20                htim3
                0x0000000020000a60                accel_r
                0x0000000020000a64                omega_max
                0x0000000020000a68                dist_r
                0x0000000020000a6c                speed_l
                0x0000000020000a70                speed_G
                0x0000000020000a74                dwl
                0x0000000020000a78                ad_l
                0x0000000020000a7c                hadc1
                0x0000000020000ac4                epsilon_dif
                0x0000000020000ac8                goal_y
                0x0000000020000aca                dgr
                0x0000000020000acc                dif_l
                0x0000000020000ad0                speed_min_l
                0x0000000020000ad4                target_degaccel_z
                0x0000000020000ad8                degree_z
                0x0000000020000adc                epsilon_l
                0x0000000020000ae0                huart1
                0x0000000020000b20                dif_omega_z
                0x0000000020000b24                pulse_l
                0x0000000020000b28                cnt_r
                0x0000000020000b2c                allmap_comp_flag
                0x0000000020000b2d                goal_x
                0x0000000020000b2e                dif_r
                0x0000000020000b30                htim6
                0x0000000020000b70                gyro_drift_value
                0x0000000020000b74                W_G_flag
                0x0000000020000b78                target_degree_z
                0x0000000020000b7c                target_speed_l
                0x0000000020000b80                ad_fr
                0x0000000020000b84                m_step2
                0x0000000020000b88                epsilon_r
                0x0000000020000b8c                mouse
                0x0000000020000b90                dg
                0x0000000020000b94                htim2
                0x0000000020000bd4                route
                0x0000000020000cd4                ad_fl
                0x0000000020000cd8                accel_l
                0x0000000020000cdc                pregoal_x
                0x0000000020000ce0                smap
                0x0000000020000ee0                ad_r
                0x0000000020000ee4                MF
                0x0000000020000ee8                speed_min_r
                0x0000000020000eec                degree_y
                0x0000000020000ef0                dwr
                0x0000000020000ef4                target_dist
                0x0000000020000ef8                speed_max_hs
                0x0000000020000efa                run_dir
                0x0000000020000efb                tp
                0x0000000020000efc                pregoal_y
                0x0000000020000f00                dist_l
                0x0000000020000f04                start_flag
                0x0000000020000f08                old_omega_z
                0x0000000020000f0c                r_cnt
                0x0000000020000f10                old_epsilon
 COMMON         0x0000000020000f14        0x4 c:/st/stm32cubeide_1.0.1/stm32cubeide/plugins/com.st.stm32cube.ide.mcu.externaltools.gnu-tools-for-stm32.7-2018-q2-update.win32_1.0.0.201904181610/tools/bin/../lib/gcc/arm-none-eabi/7.3.1/../../../../arm-none-eabi/lib/thumb/v7e-m/fpv4-sp/hard\libc_nano.a(lib_a-reent.o)
                0x0000000020000f14                errno
                0x0000000020000f18                . = ALIGN (0x4)
                0x0000000020000f18                _ebss = .
                0x0000000020000f18                __bss_end__ = _ebss

._user_heap_stack
                0x0000000020000f18      0x600 load address 0x000000000800dc74
                0x0000000020000f18                . = ALIGN (0x8)
                0x0000000020000f18                PROVIDE (end = .)
                [!provide]                        PROVIDE (_end = .)
                0x0000000020001118                . = (. + _Min_Heap_Size)
 *fill*         0x0000000020000f18      0x200 
                0x0000000020001518                . = (. + _Min_Stack_Size)
 *fill*         0x0000000020001118      0x400 
                0x0000000020001518                . = ALIGN (0x8)

/DISCARD/
 libc.a(*)
 libm.a(*)
 libgcc.a(*)

.ARM.attributes
                0x0000000000000000       0x30
 *(.ARM.attributes)
 .ARM.attributes
                0x0000000000000000       0x22 c:/st/stm32cubeide_1.0.1/stm32cubeide/plugins/com.st.stm32cube.ide.mcu.externaltools.gnu-tools-for-stm32.7-2018-q2-update.win32_1.0.0.201904181610/tools/bin/../lib/gcc/arm-none-eabi/7.3.1/thumb/v7e-m/fpv4-sp/hard/crti.o
 .ARM.attributes
                0x0000000000000022       0x34 c:/st/stm32cubeide_1.0.1/stm32cubeide/plugins/com.st.stm32cube.ide.mcu.externaltools.gnu-tools-for-stm32.7-2018-q2-update.win32_1.0.0.201904181610/tools/bin/../lib/gcc/arm-none-eabi/7.3.1/thumb/v7e-m/fpv4-sp/hard/crtbegin.o
 .ARM.attributes
                0x0000000000000056       0x39 Drivers/STM32F4xx_HAL_Driver/Src/stm32f4xx_hal.o
 .ARM.attributes
                0x000000000000008f       0x39 Drivers/STM32F4xx_HAL_Driver/Src/stm32f4xx_hal_adc.o
 .ARM.attributes
                0x00000000000000c8       0x39 Drivers/STM32F4xx_HAL_Driver/Src/stm32f4xx_hal_cortex.o
 .ARM.attributes
                0x0000000000000101       0x39 Drivers/STM32F4xx_HAL_Driver/Src/stm32f4xx_hal_flash.o
 .ARM.attributes
                0x000000000000013a       0x39 Drivers/STM32F4xx_HAL_Driver/Src/stm32f4xx_hal_flash_ex.o
 .ARM.attributes
                0x0000000000000173       0x39 Drivers/STM32F4xx_HAL_Driver/Src/stm32f4xx_hal_gpio.o
 .ARM.attributes
                0x00000000000001ac       0x39 Drivers/STM32F4xx_HAL_Driver/Src/stm32f4xx_hal_rcc.o
 .ARM.attributes
                0x00000000000001e5       0x39 Drivers/STM32F4xx_HAL_Driver/Src/stm32f4xx_hal_spi.o
 .ARM.attributes
                0x000000000000021e       0x39 Drivers/STM32F4xx_HAL_Driver/Src/stm32f4xx_hal_tim.o
 .ARM.attributes
                0x0000000000000257       0x39 Drivers/STM32F4xx_HAL_Driver/Src/stm32f4xx_hal_tim_ex.o
 .ARM.attributes
                0x0000000000000290       0x39 Drivers/STM32F4xx_HAL_Driver/Src/stm32f4xx_hal_uart.o
 .ARM.attributes
                0x00000000000002c9       0x39 Src/drive.o
 .ARM.attributes
                0x0000000000000302       0x39 Src/eeprom.o
 .ARM.attributes
                0x000000000000033b       0x39 Src/gyro.o
 .ARM.attributes
                0x0000000000000374       0x39 Src/main.o
 .ARM.attributes
                0x00000000000003ad       0x39 Src/search.o
 .ARM.attributes
                0x00000000000003e6       0x39 Src/sensor.o
 .ARM.attributes
                0x000000000000041f       0x39 Src/stm32f4xx_hal_msp.o
 .ARM.attributes
                0x0000000000000458       0x39 Src/stm32f4xx_it.o
 .ARM.attributes
                0x0000000000000491       0x39 Src/syscalls.o
 .ARM.attributes
                0x00000000000004ca       0x39 Src/sysmem.o
 .ARM.attributes
                0x0000000000000503       0x39 Src/system_stm32f4xx.o
 .ARM.attributes
                0x000000000000053c       0x21 Startup/startup_stm32f405rgtx.o
 .ARM.attributes
                0x000000000000055d       0x34 c:/st/stm32cubeide_1.0.1/stm32cubeide/plugins/com.st.stm32cube.ide.mcu.externaltools.gnu-tools-for-stm32.7-2018-q2-update.win32_1.0.0.201904181610/tools/bin/../lib/gcc/arm-none-eabi/7.3.1/../../../../arm-none-eabi/lib/thumb/v7e-m/fpv4-sp/hard\libc_nano.a(lib_a-errno.o)
 .ARM.attributes
                0x0000000000000591       0x34 c:/st/stm32cubeide_1.0.1/stm32cubeide/plugins/com.st.stm32cube.ide.mcu.externaltools.gnu-tools-for-stm32.7-2018-q2-update.win32_1.0.0.201904181610/tools/bin/../lib/gcc/arm-none-eabi/7.3.1/../../../../arm-none-eabi/lib/thumb/v7e-m/fpv4-sp/hard\libc_nano.a(lib_a-impure.o)
 .ARM.attributes
                0x00000000000005c5       0x34 c:/st/stm32cubeide_1.0.1/stm32cubeide/plugins/com.st.stm32cube.ide.mcu.externaltools.gnu-tools-for-stm32.7-2018-q2-update.win32_1.0.0.201904181610/tools/bin/../lib/gcc/arm-none-eabi/7.3.1/../../../../arm-none-eabi/lib/thumb/v7e-m/fpv4-sp/hard\libc_nano.a(lib_a-init.o)
 .ARM.attributes
                0x00000000000005f9       0x34 c:/st/stm32cubeide_1.0.1/stm32cubeide/plugins/com.st.stm32cube.ide.mcu.externaltools.gnu-tools-for-stm32.7-2018-q2-update.win32_1.0.0.201904181610/tools/bin/../lib/gcc/arm-none-eabi/7.3.1/../../../../arm-none-eabi/lib/thumb/v7e-m/fpv4-sp/hard\libc_nano.a(lib_a-memset.o)
 .ARM.attributes
                0x000000000000062d       0x34 c:/st/stm32cubeide_1.0.1/stm32cubeide/plugins/com.st.stm32cube.ide.mcu.externaltools.gnu-tools-for-stm32.7-2018-q2-update.win32_1.0.0.201904181610/tools/bin/../lib/gcc/arm-none-eabi/7.3.1/../../../../arm-none-eabi/lib/thumb/v7e-m/fpv4-sp/hard\libc_nano.a(lib_a-printf.o)
 .ARM.attributes
                0x0000000000000661       0x34 c:/st/stm32cubeide_1.0.1/stm32cubeide/plugins/com.st.stm32cube.ide.mcu.externaltools.gnu-tools-for-stm32.7-2018-q2-update.win32_1.0.0.201904181610/tools/bin/../lib/gcc/arm-none-eabi/7.3.1/../../../../arm-none-eabi/lib/thumb/v7e-m/fpv4-sp/hard\libc_nano.a(lib_a-puts.o)
 .ARM.attributes
                0x0000000000000695       0x34 c:/st/stm32cubeide_1.0.1/stm32cubeide/plugins/com.st.stm32cube.ide.mcu.externaltools.gnu-tools-for-stm32.7-2018-q2-update.win32_1.0.0.201904181610/tools/bin/../lib/gcc/arm-none-eabi/7.3.1/../../../../arm-none-eabi/lib/thumb/v7e-m/fpv4-sp/hard\libc_nano.a(lib_a-setbuf.o)
 .ARM.attributes
                0x00000000000006c9       0x34 c:/st/stm32cubeide_1.0.1/stm32cubeide/plugins/com.st.stm32cube.ide.mcu.externaltools.gnu-tools-for-stm32.7-2018-q2-update.win32_1.0.0.201904181610/tools/bin/../lib/gcc/arm-none-eabi/7.3.1/../../../../arm-none-eabi/lib/thumb/v7e-m/fpv4-sp/hard\libc_nano.a(lib_a-setvbuf.o)
 .ARM.attributes
                0x00000000000006fd       0x34 c:/st/stm32cubeide_1.0.1/stm32cubeide/plugins/com.st.stm32cube.ide.mcu.externaltools.gnu-tools-for-stm32.7-2018-q2-update.win32_1.0.0.201904181610/tools/bin/../lib/gcc/arm-none-eabi/7.3.1/../../../../arm-none-eabi/lib/thumb/v7e-m/fpv4-sp/hard\libc_nano.a(lib_a-wbuf.o)
 .ARM.attributes
                0x0000000000000731       0x34 c:/st/stm32cubeide_1.0.1/stm32cubeide/plugins/com.st.stm32cube.ide.mcu.externaltools.gnu-tools-for-stm32.7-2018-q2-update.win32_1.0.0.201904181610/tools/bin/../lib/gcc/arm-none-eabi/7.3.1/../../../../arm-none-eabi/lib/thumb/v7e-m/fpv4-sp/hard\libc_nano.a(lib_a-wsetup.o)
 .ARM.attributes
                0x0000000000000765       0x34 c:/st/stm32cubeide_1.0.1/stm32cubeide/plugins/com.st.stm32cube.ide.mcu.externaltools.gnu-tools-for-stm32.7-2018-q2-update.win32_1.0.0.201904181610/tools/bin/../lib/gcc/arm-none-eabi/7.3.1/../../../../arm-none-eabi/lib/thumb/v7e-m/fpv4-sp/hard\libc_nano.a(lib_a-fflush.o)
 .ARM.attributes
                0x0000000000000799       0x34 c:/st/stm32cubeide_1.0.1/stm32cubeide/plugins/com.st.stm32cube.ide.mcu.externaltools.gnu-tools-for-stm32.7-2018-q2-update.win32_1.0.0.201904181610/tools/bin/../lib/gcc/arm-none-eabi/7.3.1/../../../../arm-none-eabi/lib/thumb/v7e-m/fpv4-sp/hard\libc_nano.a(lib_a-findfp.o)
 .ARM.attributes
                0x00000000000007cd       0x34 c:/st/stm32cubeide_1.0.1/stm32cubeide/plugins/com.st.stm32cube.ide.mcu.externaltools.gnu-tools-for-stm32.7-2018-q2-update.win32_1.0.0.201904181610/tools/bin/../lib/gcc/arm-none-eabi/7.3.1/../../../../arm-none-eabi/lib/thumb/v7e-m/fpv4-sp/hard\libc_nano.a(lib_a-fwalk.o)
 .ARM.attributes
                0x0000000000000801       0x34 c:/st/stm32cubeide_1.0.1/stm32cubeide/plugins/com.st.stm32cube.ide.mcu.externaltools.gnu-tools-for-stm32.7-2018-q2-update.win32_1.0.0.201904181610/tools/bin/../lib/gcc/arm-none-eabi/7.3.1/../../../../arm-none-eabi/lib/thumb/v7e-m/fpv4-sp/hard\libc_nano.a(lib_a-makebuf.o)
 .ARM.attributes
                0x0000000000000835       0x34 c:/st/stm32cubeide_1.0.1/stm32cubeide/plugins/com.st.stm32cube.ide.mcu.externaltools.gnu-tools-for-stm32.7-2018-q2-update.win32_1.0.0.201904181610/tools/bin/../lib/gcc/arm-none-eabi/7.3.1/../../../../arm-none-eabi/lib/thumb/v7e-m/fpv4-sp/hard\libc_nano.a(lib_a-malloc.o)
 .ARM.attributes
                0x0000000000000869       0x34 c:/st/stm32cubeide_1.0.1/stm32cubeide/plugins/com.st.stm32cube.ide.mcu.externaltools.gnu-tools-for-stm32.7-2018-q2-update.win32_1.0.0.201904181610/tools/bin/../lib/gcc/arm-none-eabi/7.3.1/../../../../arm-none-eabi/lib/thumb/v7e-m/fpv4-sp/hard\libc_nano.a(lib_a-nano-freer.o)
 .ARM.attributes
                0x000000000000089d       0x34 c:/st/stm32cubeide_1.0.1/stm32cubeide/plugins/com.st.stm32cube.ide.mcu.externaltools.gnu-tools-for-stm32.7-2018-q2-update.win32_1.0.0.201904181610/tools/bin/../lib/gcc/arm-none-eabi/7.3.1/../../../../arm-none-eabi/lib/thumb/v7e-m/fpv4-sp/hard\libc_nano.a(lib_a-nano-mallocr.o)
 .ARM.attributes
                0x00000000000008d1       0x34 c:/st/stm32cubeide_1.0.1/stm32cubeide/plugins/com.st.stm32cube.ide.mcu.externaltools.gnu-tools-for-stm32.7-2018-q2-update.win32_1.0.0.201904181610/tools/bin/../lib/gcc/arm-none-eabi/7.3.1/../../../../arm-none-eabi/lib/thumb/v7e-m/fpv4-sp/hard\libc_nano.a(lib_a-nano-vfprintf.o)
 .ARM.attributes