drive.c:11:6:drive_init	4	static
drive.c:22:6:drive_ready	8	static
drive.c:41:6:drive_start	4	static
drive.c:55:6:drive_stop	4	static
drive.c:69:6:control_start	4	static
drive.c:81:6:control_stop	4	static
drive.c:93:6:drive_dir	16	static
drive.c:136:6:driveA	24	static
drive.c:158:6:driveD	32	static
drive.c:187:6:driveU	16	static
drive.c:210:6:driveC	16	static
drive.c:230:6:driveC2	16	static
drive.c:250:6:set_position	8	static
drive.c:266:6:start_sectionA	8	static
drive.c:287:6:start_sectionA2	8	static
drive.c:308:6:half_sectionA	8	static
drive.c:322:6:half_sectionD	8	static
drive.c:335:6:half_sectionA2	8	static
drive.c:348:6:half_sectionD2	8	static
drive.c:360:6:half_sectionA3	8	static
drive.c:373:6:half_sectionD3	8	static
drive.c:385:6:half_sectionU	8	static
drive.c:398:6:half_sectionV	8	static
drive.c:411:6:one_section	8	static
drive.c:424:6:one_sectionA	8	static
drive.c:438:6:one_sectionD	8	static
drive.c:452:6:one_sectionA2	8	static
drive.c:466:6:one_sectionD2	8	static
drive.c:480:6:one_sectionU	8	static
drive.c:494:6:rotate_R90	16	static
drive.c:527:6:rotate_L90	16	static
drive.c:560:6:rotate_180	16	static
drive.c:596:6:slalom_R90	8	static
drive.c:662:6:slalom_L90	8	static
drive.c:727:6:slalom_R902	8	static
drive.c:793:6:slalom_L902	8	static
drive.c:859:6:Lslalom_R90	8	static
drive.c:921:6:Lslalom_L90	8	static
drive.c:983:6:Lslalom_R902	8	static
drive.c:1045:6:Lslalom_L902	8	static
drive.c:1107:6:Lslalom_R903	8	static
drive.c:1170:6:Lslalom_L903	8	static
drive.c:1233:6:Lslalom_R180	8	static
drive.c:1296:6:Lslalom_L180	8	static
drive.c:1359:6:Lslalom_R1802	8	static
drive.c:1422:6:Lslalom_L1802	8	static
drive.c:1485:6:v_R45	8	static
drive.c:1552:6:v_L45	8	static
drive.c:1620:6:v_R45D	8	static
drive.c:1699:6:v_L45D	8	static
drive.c:1778:6:v_R452	8	static
drive.c:1845:6:v_L452	8	static
drive.c:1912:6:v_R45D2	8	static
drive.c:1991:6:v_L45D2	8	static
drive.c:2070:6:v_R90	8	static
drive.c:2128:6:v_L90	8	static
drive.c:2186:6:v_R902	8	static
drive.c:2244:6:v_L902	8	static
drive.c:2302:6:v_R135	8	static
drive.c:2369:6:v_L135	8	static
drive.c:2436:6:v_R135D	8	static
drive.c:2515:6:v_L135D	8	static
drive.c:2594:6:v_R1352	8	static
drive.c:2661:6:v_L1352	8	static
drive.c:2728:6:v_R135D2	8	static
drive.c:2807:6:v_L135D2	8	static
drive.c:2889:6:test_select	16	static
drive.c:2944:6:init_test	32	static
drive.c:3042:6:slalom_test	80	static
drive.c:3298:6:v_test	56	static
drive.c:3480:6:pass_test	16	static
drive.c:3636:6:simple_run	16	static
drive.c:3759:6:slalom_run	16	static
drive.c:3999:6:sample_course_run	16	static
drive.c:4150:6:perfect_run	16	static
drive.c:4296:6:perfect_slalom	16	static
drive.c:4500:6:perfect_pass	24	static
