drive.c:11:6:drive_init	4	static
drive.c:23:6:drive_ready	8	static
drive.c:42:6:drive_start	4	static
drive.c:56:6:drive_stop	4	static
drive.c:70:6:control_start	4	static
drive.c:82:6:control_stop	4	static
drive.c:94:6:drive_dir	16	static
drive.c:137:6:run_select	16	static
drive.c:174:6:driveA	24	static
drive.c:196:6:driveD	32	static
drive.c:225:6:driveU	16	static
drive.c:248:6:driveC	16	static
drive.c:268:6:driveC2	16	static
drive.c:288:6:slalomF	24	static
drive.c:314:6:slalomR	24	static
drive.c:361:6:slalomB	16	static
drive.c:381:6:set_position	8	static
drive.c:396:6:set_positionF	8	static
drive.c:415:6:start_sectionA	8	static
drive.c:462:6:half_sectionA	8	static
drive.c:484:6:half_sectionD	8	static
drive.c:531:6:half_sectionVA	8	static
drive.c:553:6:half_sectionVD	8	static
drive.c:575:6:half_sectionU	8	static
drive.c:588:6:half_sectionV	8	static
drive.c:601:6:one_section	8	static
drive.c:614:6:one_sectionA	8	static
drive.c:636:6:one_sectionD	8	static
drive.c:666:6:one_sectionVA	8	static
drive.c:687:6:one_sectionVD	8	static
drive.c:716:6:one_sectionU	8	static
drive.c:730:6:rotate_R90	16	static
drive.c:763:6:rotate_L90	16	static
drive.c:796:6:rotate_180	16	static
drive.c:832:6:slalom_R90	16	static
drive.c:885:6:slalom_L90	16	static
drive.c:938:6:Lslalom_R90	16	static
drive.c:990:6:Lslalom_L90	16	static
drive.c:1086:6:Lslalom_R180	16	static
drive.c:1142:6:Lslalom_L180	16	static
drive.c:1198:6:v_R45	16	static
drive.c:1274:6:v_L45	16	static
drive.c:1350:6:v_R45D	16	static
drive.c:1413:6:v_L45D	16	static
drive.c:1476:6:v_R90	16	static
drive.c:1516:6:v_L90	16	static
drive.c:1556:6:v_R135	16	static
drive.c:1632:6:v_L135	16	static
drive.c:1708:6:v_R135D	16	static
drive.c:1771:6:v_L135D	16	static
drive.c:1837:6:test_select	16	static
drive.c:1892:6:init_test	32	static
drive.c:1994:6:slalom_test	64	static
drive.c:2194:6:v_test	80	static
drive.c:2435:6:pass_test	16	static
drive.c:2674:6:simple_run	16	static
drive.c:2800:6:slalom_run	16	static
drive.c:3052:6:sample_course_run	16	static
drive.c:3194:6:perfect_run	16	static
drive.c:3348:6:perfect_slalom	16	static
drive.c:3563:6:perfect_pass	16	static
