drive.c:11:6:drive_init	4	static
drive.c:23:6:drive_ready	8	static
drive.c:42:6:drive_start	4	static
drive.c:56:6:drive_stop	4	static
drive.c:70:6:control_start	4	static
drive.c:82:6:control_stop	4	static
drive.c:94:6:drive_dir	16	static
drive.c:137:6:run_select	16	static
drive.c:174:6:driveA	24	static
drive.c:196:6:driveD	32	static
drive.c:225:6:driveU	16	static
drive.c:248:6:driveC	16	static
drive.c:268:6:driveC2	16	static
drive.c:288:6:slalomF	24	static
drive.c:314:6:slalomR	24	static
drive.c:361:6:slalomB	16	static
drive.c:381:6:set_position	8	static
drive.c:396:6:set_positionF	8	static
drive.c:417:6:start_sectionA	8	static
drive.c:464:6:half_sectionA	8	static
drive.c:486:6:half_sectionD	8	static
drive.c:533:6:half_sectionVA	8	static
drive.c:555:6:half_sectionVD	8	static
drive.c:577:6:half_sectionU	8	static
drive.c:590:6:half_sectionV	8	static
drive.c:603:6:one_section	8	static
drive.c:616:6:one_sectionA	8	static
drive.c:638:6:one_sectionD	8	static
drive.c:660:6:one_sectionVA	8	static
drive.c:681:6:one_sectionVD	8	static
drive.c:702:6:one_sectionU	8	static
drive.c:716:6:rotate_R90	16	static
drive.c:749:6:rotate_L90	16	static
drive.c:782:6:rotate_180	16	static
drive.c:818:6:slalom_R90	16	static
drive.c:881:6:slalom_L90	16	static
drive.c:944:6:Lslalom_R90	16	static
drive.c:1006:6:Lslalom_L90	16	static
drive.c:1112:6:Lslalom_R180	16	static
drive.c:1179:6:Lslalom_L180	16	static
drive.c:1246:6:v_R45	16	static
drive.c:1338:6:v_L45	16	static
drive.c:1430:6:v_R45D	16	static
drive.c:1487:6:v_L45D	16	static
drive.c:1544:6:v_R90	16	static
drive.c:1591:6:v_L90	16	static
drive.c:1638:6:v_R135	16	static
drive.c:1730:6:v_L135	16	static
drive.c:1822:6:v_R135D	16	static
drive.c:1879:6:v_L135D	16	static
drive.c:1939:6:test_select	16	static
drive.c:1998:6:init_test	32	static
drive.c:2096:6:slalom_test	64	static
drive.c:2296:6:v_test	80	static
drive.c:2537:6:pass_test	16	static
drive.c:2802:6:goal_test	16	static
drive.c:3064:6:sample_course_run	16	static
drive.c:3205:6:simple_run	16	static
drive.c:3327:6:slalom_run	16	static
drive.c:3571:6:perfect_run	16	static
drive.c:3721:6:perfect_slalom	16	static
drive.c:3922:6:perfect_pass	16	static
