drive.c:11:6:drive_init	4	static
drive.c:22:6:drive_start	4	static
drive.c:38:6:drive_stop	4	static
drive.c:53:6:control_start	4	static
drive.c:67:6:control_stop	4	static
drive.c:81:6:drive_dir	16	static
drive.c:124:6:driveA	24	static
drive.c:149:6:driveD	32	static
drive.c:182:6:driveU	16	static
drive.c:201:6:driveC	16	static
drive.c:235:6:half_sectionA	8	static
drive.c:249:6:half_sectionD	8	static
drive.c:262:6:one_section	8	static
drive.c:275:6:one_sectionA	8	static
drive.c:289:6:one_sectionD	8	static
drive.c:303:6:one_sectionU	8	static
drive.c:317:6:rotate_R90	16	static
drive.c:348:6:rotate_L90	16	static
drive.c:379:6:rotate_180	16	static
drive.c:410:6:slalom_R90	8	static
drive.c:474:6:slalom_L90	8	static
drive.c:544:6:init_test	32	static
drive.c:637:6:slalom_test	32	static
drive.c:729:6:test_select	16	static
drive.c:785:6:simple_run	16	static
drive.c:906:6:slalom_run	16	static
drive.c:1047:6:sample_course_run	16	static
drive.c:1158:6:perfect_run	16	static
drive.c:1297:6:perfect_slalom	16	static
