drive.c:11:6:drive_init	4	static
drive.c:22:6:drive_start	4	static
drive.c:38:6:drive_stop	4	static
drive.c:53:6:control_start	4	static
drive.c:67:6:control_stop	4	static
drive.c:81:6:drive_dir	16	static
drive.c:124:6:driveA	24	static
drive.c:149:6:driveD	32	static
drive.c:182:6:driveU	16	static
drive.c:208:6:driveC	16	static
drive.c:242:6:driveC2	16	static
drive.c:276:6:set_position	8	static
drive.c:289:6:start_sectionA	8	static
drive.c:308:6:half_sectionA	8	static
drive.c:322:6:half_sectionD	8	static
drive.c:335:6:start_sectionA2	8	static
drive.c:354:6:half_sectionA2	8	static
drive.c:368:6:half_sectionD2	8	static
drive.c:381:6:one_section	8	static
drive.c:394:6:one_sectionA	8	static
drive.c:408:6:one_sectionD	8	static
drive.c:422:6:one_sectionA2	8	static
drive.c:436:6:one_sectionD2	8	static
drive.c:450:6:one_sectionU	8	static
drive.c:464:6:rotate_R90	16	static
drive.c:495:6:rotate_L90	16	static
drive.c:526:6:rotate_180	16	static
drive.c:557:6:slalom_R90	8	static
drive.c:622:6:slalom_L90	8	static
drive.c:690:6:slalom_R902	8	static
drive.c:756:6:slalom_L902	8	static
drive.c:823:6:v_R45	8	static
drive.c:894:6:v_L45	8	static
drive.c:965:6:v_R90	8	static
drive.c:1036:6:v_L90	8	static
drive.c:1107:6:v_R135	8	static
drive.c:1178:6:v_L135	8	static
drive.c:1252:6:init_test	32	static
drive.c:1346:6:slalom_test	48	static
drive.c:1488:6:v_test	16	static
drive.c:1559:6:test_select	16	static
drive.c:1617:6:simple_run	16	static
drive.c:1738:6:slalom_run	16	static
drive.c:1943:6:sample_course_run	16	static
drive.c:2092:6:perfect_run	16	static
drive.c:2234:6:perfect_slalom	32	static
