drive.c:11:6:drive_init	4	static
drive.c:22:6:drive_ready	8	static
drive.c:41:6:drive_start	4	static
drive.c:55:6:drive_stop	4	static
drive.c:69:6:control_start	4	static
drive.c:81:6:control_stop	4	static
drive.c:93:6:drive_dir	16	static
drive.c:136:6:driveA	24	static
drive.c:156:6:driveD	32	static
drive.c:185:6:driveU	16	static
drive.c:208:6:driveC	16	static
drive.c:242:6:driveC2	16	static
drive.c:276:6:set_position	8	static
drive.c:289:6:start_sectionA	8	static
drive.c:308:6:half_sectionA	8	static
drive.c:322:6:half_sectionD	8	static
drive.c:335:6:start_sectionA2	8	static
drive.c:354:6:half_sectionA2	8	static
drive.c:368:6:half_sectionD2	8	static
drive.c:381:6:one_section	8	static
drive.c:394:6:one_sectionA	8	static
drive.c:408:6:one_sectionD	8	static
drive.c:422:6:one_sectionA2	8	static
drive.c:436:6:one_sectionD2	8	static
drive.c:450:6:one_sectionU	8	static
drive.c:464:6:rotate_R90	16	static
drive.c:493:6:rotate_L90	16	static
drive.c:522:6:rotate_180	16	static
drive.c:551:6:slalom_R90	8	static
drive.c:606:6:slalom_L90	8	static
drive.c:660:6:slalom_R902	8	static
drive.c:714:6:slalom_L902	16	static
drive.c:766:6:v_R45	8	static
drive.c:837:6:v_L45	8	static
drive.c:908:6:v_R90	8	static
drive.c:979:6:v_L90	8	static
drive.c:1050:6:v_R135	8	static
drive.c:1121:6:v_L135	8	static
drive.c:1195:6:test_select	16	static
drive.c:1250:6:init_test	40	static
drive.c:1351:6:slalom_test	40	static
drive.c:1476:6:v_test	16	static
drive.c:1551:6:simple_run	16	static
drive.c:1674:6:slalom_run	16	static
drive.c:1881:6:sample_course_run	16	static
drive.c:2032:6:perfect_run	16	static
drive.c:2174:6:perfect_slalom	32	static
