drive.c:11:6:drive_init	4	static
drive.c:22:6:drive_ready	8	static
drive.c:41:6:drive_start	4	static
drive.c:55:6:drive_stop	4	static
drive.c:69:6:control_start	4	static
drive.c:81:6:control_stop	4	static
drive.c:93:6:drive_dir	16	static
drive.c:136:6:driveA	24	static
drive.c:158:6:driveD	32	static
drive.c:187:6:driveU	16	static
drive.c:210:6:driveC	16	static
drive.c:230:6:driveC2	16	static
drive.c:250:6:slalomF	24	static
drive.c:277:6:slalomR	24	static
drive.c:324:6:slalomB	16	static
drive.c:344:6:set_position	8	static
drive.c:360:6:start_sectionA	8	static
drive.c:399:6:half_sectionA	8	static
drive.c:419:6:half_sectionD	8	static
drive.c:438:6:half_sectionA3	8	static
drive.c:451:6:half_sectionD3	8	static
drive.c:463:6:half_sectionU	8	static
drive.c:476:6:half_sectionV	8	static
drive.c:489:6:one_section	8	static
drive.c:502:6:one_sectionA	8	static
drive.c:522:6:one_sectionD	8	static
drive.c:542:6:one_sectionVA	8	static
drive.c:561:6:one_sectionVD	8	static
drive.c:580:6:one_sectionU	8	static
drive.c:594:6:rotate_R90	16	static
drive.c:627:6:rotate_L90	16	static
drive.c:660:6:rotate_180	16	static
drive.c:696:6:slalom_R90	16	static
drive.c:739:6:slalom_L90	16	static
drive.c:782:6:Lslalom_R90	16	static
drive.c:814:6:Lslalom_L90	16	static
drive.c:846:6:Lslalom_R903	16	static
drive.c:868:6:Lslalom_L903	16	static
drive.c:890:6:Lslalom_R180	16	static
drive.c:924:6:Lslalom_L180	16	static
drive.c:958:6:v_R45	16	static
drive.c:1002:6:v_L45	16	static
drive.c:1046:6:v_R45D	16	static
drive.c:1092:6:v_L45D	16	static
drive.c:1140:6:v_R90	16	static
drive.c:1166:6:v_L90	16	static
drive.c:1192:6:v_R135	16	static
drive.c:1236:6:v_L135	16	static
drive.c:1280:6:v_R135D	16	static
drive.c:1328:6:v_L135D	16	static
drive.c:1381:6:test_select	16	static
drive.c:1436:6:init_test	32	static
drive.c:1538:6:slalom_test	80	static
drive.c:1812:6:v_test	96	static
drive.c:2111:6:pass_test	16	static
drive.c:2295:6:simple_run	16	static
drive.c:2421:6:slalom_run	16	static
drive.c:2673:6:sample_course_run	16	static
drive.c:2835:6:perfect_run	16	static
drive.c:2985:6:perfect_slalom	16	static
drive.c:3204:6:perfect_pass	24	static
