drive.c:11:6:drive_init	4	static
drive.c:22:6:drive_start	4	static
drive.c:36:6:drive_stop	4	static
drive.c:49:6:drive_dir	16	static
drive.c:92:6:driveA	24	static
drive.c:117:6:driveD	32	static
drive.c:150:6:driveU	16	static
drive.c:169:6:driveC	16	static
drive.c:190:6:half_sectionA	8	static
drive.c:207:6:half_sectionD	8	static
drive.c:223:6:one_section	8	static
drive.c:236:6:one_sectionU	8	static
drive.c:252:6:rotate_R90	16	static
drive.c:282:6:rotate_L90	16	static
drive.c:312:6:rotate_180	16	static
drive.c:342:6:slalom_R90	8	static
drive.c:399:6:slalom_L90	8	static
drive.c:459:6:init_test	32	static
drive.c:551:6:slalom_test	32	static
drive.c:636:6:test_select	16	static
drive.c:692:6:simple_run	16	static
drive.c:813:6:slalom_run	16	static
drive.c:954:6:sample_course_run	16	static
