drive.c:11:6:drive_init	4	static
drive.c:22:6:drive_start	4	static
drive.c:36:6:drive_stop	4	static
drive.c:49:6:drive_dir	16	static
drive.c:92:6:driveA	24	static
drive.c:116:6:driveD	32	static
drive.c:149:6:driveU	16	static
drive.c:168:6:driveC	16	static
drive.c:189:6:half_sectionA	8	static
drive.c:206:6:half_sectionD	8	static
drive.c:222:6:one_section	8	static
drive.c:235:6:one_sectionU	8	static
drive.c:251:6:rotate_R90	16	static
drive.c:281:6:rotate_L90	16	static
drive.c:311:6:rotate_180	16	static
drive.c:341:6:slalom_R90	8	static
drive.c:397:6:slalom_L90	8	static
drive.c:456:6:init_test	32	static
drive.c:548:6:slalom_test	32	static
drive.c:633:6:test_select	16	static
drive.c:685:6:simple_run	16	static
drive.c:806:6:slalom_run	16	static
