drive.c:11:6:drive_init	4	static
drive.c:22:6:drive_start	4	static
drive.c:38:6:drive_stop	4	static
drive.c:53:6:control_start	4	static
drive.c:67:6:control_stop	4	static
drive.c:81:6:drive_dir	16	static
drive.c:124:6:driveA	24	static
drive.c:149:6:driveD	32	static
drive.c:182:6:driveU	16	static
drive.c:208:6:driveC	16	static
drive.c:242:6:driveC2	16	static
drive.c:276:6:set_position	8	static
drive.c:289:6:start_sectionA	8	static
drive.c:308:6:half_sectionA	8	static
drive.c:322:6:half_sectionD	8	static
drive.c:335:6:start_sectionA2	8	static
drive.c:354:6:half_sectionA2	8	static
drive.c:368:6:half_sectionD2	8	static
drive.c:381:6:one_section	8	static
drive.c:394:6:one_sectionA	8	static
drive.c:408:6:one_sectionD	8	static
drive.c:422:6:one_sectionU	8	static
drive.c:436:6:rotate_R90	16	static
drive.c:467:6:rotate_L90	16	static
drive.c:498:6:rotate_180	16	static
drive.c:529:6:slalom_R90	8	static
drive.c:594:6:slalom_L90	8	static
drive.c:662:6:slalom_R902	8	static
drive.c:728:6:slalom_L902	8	static
drive.c:795:6:v_R45	8	static
drive.c:866:6:v_L45	8	static
drive.c:937:6:v_R90	8	static
drive.c:1008:6:v_L90	8	static
drive.c:1079:6:v_R135	8	static
drive.c:1150:6:v_L135	8	static
drive.c:1224:6:init_test	32	static
drive.c:1318:6:slalom_test	48	static
drive.c:1464:6:v_test	16	static
drive.c:1535:6:test_select	16	static
drive.c:1593:6:simple_run	16	static
drive.c:1714:6:slalom_run	16	static
drive.c:1919:6:sample_course_run	16	static
drive.c:2049:6:perfect_run	16	static
drive.c:2188:6:perfect_slalom	16	static
