drive.c:11:6:drive_init	4	static
drive.c:23:6:drive_ready	8	static
drive.c:42:6:drive_start	4	static
drive.c:56:6:drive_stop	4	static
drive.c:70:6:control_start	4	static
drive.c:83:6:control_stop	4	static
drive.c:95:6:drive_dir	16	static
drive.c:138:6:run_select	16	static
drive.c:175:6:driveA	24	static
drive.c:195:6:driveD	32	static
drive.c:225:6:driveU	16	static
drive.c:248:6:driveC	16	static
drive.c:268:6:driveC2	16	static
drive.c:288:6:slalomF	24	static
drive.c:314:6:slalomR	32	static
drive.c:361:6:slalomB	16	static
drive.c:383:6:set_position	8	static
drive.c:398:6:set_positionF	8	static
drive.c:419:6:start_sectionA	8	static
drive.c:482:6:half_sectionA	8	static
drive.c:508:6:half_sectionD	8	static
drive.c:559:6:half_sectionVA	8	static
drive.c:584:6:half_sectionVD	8	static
drive.c:610:6:half_sectionU	8	static
drive.c:623:6:half_sectionV	8	static
drive.c:636:6:one_section	8	static
drive.c:649:6:one_sectionA	8	static
drive.c:675:6:one_sectionD	8	static
drive.c:701:6:one_sectionVA	8	static
drive.c:726:6:one_sectionVD	8	static
drive.c:751:6:one_sectionU	8	static
drive.c:765:6:rotate_R90	16	static
drive.c:798:6:rotate_L90	16	static
drive.c:831:6:rotate_180	16	static
drive.c:867:6:slalom_R90	16	static
drive.c:930:6:slalom_L90	16	static
drive.c:993:6:Lslalom_R90	16	static
drive.c:1065:6:Lslalom_L90	16	static
drive.c:1181:6:Lslalom_R180	16	static
drive.c:1259:6:Lslalom_L180	16	static
drive.c:1337:6:v_R45	16	static
drive.c:1429:6:v_L45	16	static
drive.c:1521:6:v_R45D	16	static
drive.c:1578:6:v_L45D	16	static
drive.c:1635:6:v_R90	16	static
drive.c:1682:6:v_L90	16	static
drive.c:1729:6:v_R135	16	static
drive.c:1821:6:v_L135	16	static
drive.c:1913:6:v_R135D	16	static
drive.c:1970:6:v_L135D	16	static
drive.c:2030:6:test_select	16	static
drive.c:2089:6:init_test	32	static
drive.c:2187:6:slalom_test	64	static
drive.c:2387:6:v_test	80	static
drive.c:2628:6:pass_test	16	static
drive.c:2865:6:goal_test	16	static
drive.c:3124:6:sample_course_run	16	static
drive.c:3265:6:simple_run	16	static
drive.c:3387:6:slalom_run	16	static
drive.c:3631:6:perfect_run	16	static
drive.c:3781:6:perfect_slalom	16	static
drive.c:3982:6:perfect_pass	16	static
