drive.c:11:6:drive_init	4	static
drive.c:22:6:drive_ready	8	static
drive.c:41:6:drive_start	4	static
drive.c:55:6:drive_stop	4	static
drive.c:69:6:control_start	4	static
drive.c:81:6:control_stop	4	static
drive.c:93:6:drive_dir	16	static
drive.c:136:6:run_select	16	static
drive.c:173:6:driveA	24	static
drive.c:195:6:driveD	32	static
drive.c:224:6:driveU	16	static
drive.c:247:6:driveC	16	static
drive.c:267:6:driveC2	16	static
drive.c:287:6:slalomF	24	static
drive.c:313:6:slalomR	24	static
drive.c:360:6:slalomB	16	static
drive.c:380:6:set_position	8	static
drive.c:396:6:start_sectionA	8	static
drive.c:443:6:half_sectionA	8	static
drive.c:465:6:half_sectionD	8	static
drive.c:511:6:half_sectionU	8	static
drive.c:524:6:half_sectionV	8	static
drive.c:537:6:one_section	8	static
drive.c:550:6:one_sectionA	8	static
drive.c:572:6:one_sectionD	8	static
drive.c:602:6:one_sectionVA	8	static
drive.c:623:6:one_sectionVD	8	static
drive.c:652:6:one_sectionU	8	static
drive.c:666:6:rotate_R90	16	static
drive.c:699:6:rotate_L90	16	static
drive.c:732:6:rotate_180	16	static
drive.c:768:6:slalom_R90	16	static
drive.c:821:6:slalom_L90	16	static
drive.c:874:6:Lslalom_R90	16	static
drive.c:926:6:Lslalom_L90	16	static
drive.c:1022:6:Lslalom_R180	16	static
drive.c:1078:6:Lslalom_L180	16	static
drive.c:1134:6:v_R45	16	static
drive.c:1210:6:v_L45	16	static
drive.c:1287:6:v_R45D	16	static
drive.c:1333:6:v_L45D	16	static
drive.c:1379:6:v_R90	16	static
drive.c:1419:6:v_L90	16	static
drive.c:1459:6:v_R135	16	static
drive.c:1535:6:v_L135	16	static
drive.c:1611:6:v_R135D	16	static
drive.c:1659:6:v_L135D	16	static
drive.c:1712:6:test_select	16	static
drive.c:1767:6:init_test	32	static
drive.c:1869:6:slalom_test	88	static
drive.c:2160:6:v_test	96	static
drive.c:2459:6:pass_test	16	static
drive.c:2643:6:simple_run	16	static
drive.c:2769:6:slalom_run	16	static
drive.c:3021:6:sample_course_run	16	static
drive.c:3183:6:perfect_run	16	static
drive.c:3333:6:perfect_slalom	16	static
drive.c:3547:6:perfect_pass	16	static
