drive.c:11:6:drive_init	4	static
drive.c:22:6:drive_ready	8	static
drive.c:41:6:drive_start	4	static
drive.c:55:6:drive_stop	4	static
drive.c:69:6:control_start	4	static
drive.c:81:6:control_stop	4	static
drive.c:93:6:drive_dir	16	static
drive.c:136:6:driveA	24	static
drive.c:158:6:driveD	32	static
drive.c:187:6:driveU	16	static
drive.c:210:6:driveC	16	static
drive.c:244:6:driveC2	16	static
drive.c:278:6:set_position	8	static
drive.c:291:6:start_sectionA	8	static
drive.c:310:6:half_sectionA	8	static
drive.c:324:6:half_sectionD	8	static
drive.c:337:6:start_sectionA2	8	static
drive.c:356:6:half_sectionA2	8	static
drive.c:370:6:half_sectionD2	8	static
drive.c:383:6:one_section	8	static
drive.c:396:6:one_sectionA	8	static
drive.c:410:6:one_sectionD	8	static
drive.c:424:6:one_sectionA2	8	static
drive.c:438:6:one_sectionD2	8	static
drive.c:452:6:one_sectionU	8	static
drive.c:466:6:rotate_R90	16	static
drive.c:495:6:rotate_L90	16	static
drive.c:524:6:rotate_180	16	static
drive.c:556:6:slalom_R90	8	static
drive.c:611:6:slalom_L90	8	static
drive.c:665:6:slalom_R902	8	static
drive.c:719:6:slalom_L902	16	static
drive.c:771:6:v_R45	8	static
drive.c:842:6:v_L45	8	static
drive.c:913:6:v_R90	8	static
drive.c:984:6:v_L90	8	static
drive.c:1055:6:v_R135	8	static
drive.c:1126:6:v_L135	8	static
drive.c:1200:6:test_select	16	static
drive.c:1255:6:init_test	40	static
drive.c:1356:6:slalom_test	40	static
drive.c:1481:6:v_test	16	static
drive.c:1556:6:simple_run	16	static
drive.c:1679:6:slalom_run	16	static
drive.c:1886:6:sample_course_run	16	static
drive.c:2037:6:perfect_run	16	static
drive.c:2179:6:perfect_slalom	32	static
