drive.c:11:6:drive_init	4	static
drive.c:22:6:drive_ready	8	static
drive.c:41:6:drive_start	4	static
drive.c:55:6:drive_stop	4	static
drive.c:69:6:control_start	4	static
drive.c:81:6:control_stop	4	static
drive.c:93:6:drive_dir	16	static
drive.c:136:6:driveA	24	static
drive.c:158:6:driveD	32	static
drive.c:187:6:driveU	16	static
drive.c:210:6:driveC	16	static
drive.c:244:6:driveC2	16	static
drive.c:278:6:set_position	8	static
drive.c:292:6:start_sectionA	8	static
drive.c:311:6:half_sectionA	8	static
drive.c:325:6:half_sectionD	8	static
drive.c:338:6:start_sectionA2	8	static
drive.c:357:6:half_sectionA2	8	static
drive.c:371:6:half_sectionD2	8	static
drive.c:384:6:half_sectionA3	8	static
drive.c:398:6:half_sectionD3	8	static
drive.c:411:6:half_sectionU	8	static
drive.c:424:6:one_section	8	static
drive.c:437:6:one_sectionA	8	static
drive.c:451:6:one_sectionD	8	static
drive.c:465:6:one_sectionA2	8	static
drive.c:479:6:one_sectionD2	8	static
drive.c:493:6:one_sectionU	8	static
drive.c:507:6:rotate_R90	16	static
drive.c:536:6:rotate_L90	16	static
drive.c:565:6:rotate_180	16	static
drive.c:597:6:slalom_R90	8	static
drive.c:652:6:slalom_L90	8	static
drive.c:706:6:slalom_R902	8	static
drive.c:760:6:slalom_L902	16	static
drive.c:812:6:Lslalom_R90	8	static
drive.c:864:6:Lslalom_L90	8	static
drive.c:916:6:Lslalom_R902	8	static
drive.c:968:6:Lslalom_L902	8	static
drive.c:1020:6:Lslalom_R903	8	static
drive.c:1072:6:Lslalom_L903	8	static
drive.c:1124:6:v_R45	8	static
drive.c:1195:6:v_L45	8	static
drive.c:1266:6:v_R90	8	static
drive.c:1337:6:v_L90	8	static
drive.c:1408:6:v_R135	8	static
drive.c:1479:6:v_L135	8	static
drive.c:1553:6:test_select	16	static
drive.c:1608:6:init_test	40	static
drive.c:1709:6:slalom_test	64	static
drive.c:1900:6:v_test	16	static
drive.c:1975:6:simple_run	16	static
drive.c:2098:6:slalom_run	16	static
drive.c:2331:6:sample_course_run	16	static
drive.c:2482:6:perfect_run	16	static
drive.c:2624:6:perfect_slalom	32	static
