drive.c:11:6:drive_init	4	static
drive.c:22:6:drive_ready	8	static
drive.c:41:6:drive_start	4	static
drive.c:55:6:drive_stop	4	static
drive.c:69:6:control_start	4	static
drive.c:81:6:control_stop	4	static
drive.c:93:6:drive_dir	16	static
drive.c:136:6:driveA	24	static
drive.c:158:6:driveD	32	static
drive.c:187:6:driveU	16	static
drive.c:210:6:driveC	16	static
drive.c:244:6:driveC2	16	static
drive.c:278:6:set_position	8	static
drive.c:292:6:start_sectionA	8	static
drive.c:311:6:half_sectionA	8	static
drive.c:325:6:half_sectionD	8	static
drive.c:338:6:start_sectionA2	8	static
drive.c:357:6:half_sectionA2	8	static
drive.c:371:6:half_sectionD2	8	static
drive.c:384:6:one_section	8	static
drive.c:397:6:one_sectionA	8	static
drive.c:411:6:one_sectionD	8	static
drive.c:425:6:one_sectionA2	8	static
drive.c:439:6:one_sectionD2	8	static
drive.c:453:6:one_sectionU	8	static
drive.c:467:6:rotate_R90	16	static
drive.c:496:6:rotate_L90	16	static
drive.c:525:6:rotate_180	16	static
drive.c:557:6:slalom_R90	8	static
drive.c:612:6:slalom_L90	8	static
drive.c:666:6:slalom_R902	8	static
drive.c:720:6:slalom_L902	16	static
drive.c:772:6:v_R45	8	static
drive.c:843:6:v_L45	8	static
drive.c:914:6:v_R90	8	static
drive.c:985:6:v_L90	8	static
drive.c:1056:6:v_R135	8	static
drive.c:1127:6:v_L135	8	static
drive.c:1201:6:test_select	16	static
drive.c:1256:6:init_test	40	static
drive.c:1357:6:slalom_test	40	static
drive.c:1482:6:v_test	16	static
drive.c:1557:6:simple_run	16	static
drive.c:1680:6:slalom_run	16	static
drive.c:1913:6:sample_course_run	16	static
drive.c:2064:6:perfect_run	16	static
drive.c:2206:6:perfect_slalom	32	static
