drive.c:11:6:drive_init	4	static
drive.c:23:6:drive_ready	8	static
drive.c:42:6:drive_start	4	static
drive.c:56:6:drive_stop	4	static
drive.c:70:6:control_start	4	static
drive.c:82:6:control_stop	4	static
drive.c:94:6:drive_dir	16	static
drive.c:137:6:run_select	16	static
drive.c:174:6:driveA	24	static
drive.c:196:6:driveD	32	static
drive.c:225:6:driveU	16	static
drive.c:248:6:driveC	16	static
drive.c:268:6:driveC2	16	static
drive.c:288:6:slalomF	24	static
drive.c:314:6:slalomR	24	static
drive.c:361:6:slalomB	16	static
drive.c:381:6:set_position	8	static
drive.c:396:6:set_positionF	8	static
drive.c:415:6:start_sectionA	8	static
drive.c:462:6:half_sectionA	8	static
drive.c:484:6:half_sectionD	8	static
drive.c:531:6:half_sectionU	8	static
drive.c:544:6:half_sectionV	8	static
drive.c:557:6:one_section	8	static
drive.c:570:6:one_sectionA	8	static
drive.c:592:6:one_sectionD	8	static
drive.c:622:6:one_sectionVA	8	static
drive.c:643:6:one_sectionVD	8	static
drive.c:672:6:one_sectionU	8	static
drive.c:686:6:rotate_R90	16	static
drive.c:719:6:rotate_L90	16	static
drive.c:752:6:rotate_180	16	static
drive.c:788:6:slalom_R90	16	static
drive.c:841:6:slalom_L90	16	static
drive.c:894:6:Lslalom_R90	16	static
drive.c:946:6:Lslalom_L90	16	static
drive.c:1042:6:Lslalom_R180	16	static
drive.c:1098:6:Lslalom_L180	16	static
drive.c:1154:6:v_R45	16	static
drive.c:1230:6:v_L45	16	static
drive.c:1307:6:v_R45D	16	static
drive.c:1353:6:v_L45D	16	static
drive.c:1399:6:v_R90	16	static
drive.c:1439:6:v_L90	16	static
drive.c:1479:6:v_R135	16	static
drive.c:1555:6:v_L135	16	static
drive.c:1631:6:v_R135D	16	static
drive.c:1679:6:v_L135D	16	static
drive.c:1732:6:test_select	16	static
drive.c:1787:6:init_test	32	static
drive.c:1889:6:slalom_test	64	static
drive.c:2089:6:v_test	80	static
drive.c:2320:6:pass_test	16	static
drive.c:2504:6:simple_run	16	static
drive.c:2630:6:slalom_run	16	static
drive.c:2882:6:sample_course_run	16	static
drive.c:3044:6:perfect_run	16	static
drive.c:3194:6:perfect_slalom	16	static
drive.c:3408:6:perfect_pass	16	static
