drive.c:11:6:drive_init	4	static
drive.c:22:6:drive_start	4	static
drive.c:36:6:drive_stop	4	static
drive.c:49:6:drive_dir	16	static
drive.c:92:6:driveA	24	static
drive.c:117:6:driveD	32	static
drive.c:150:6:driveU	16	static
drive.c:169:6:driveC	16	static
drive.c:190:6:half_sectionA	8	static
drive.c:207:6:half_sectionD	8	static
drive.c:223:6:one_section	8	static
drive.c:236:6:one_sectionA	8	static
drive.c:254:6:one_sectionD	8	static
drive.c:272:6:one_sectionU	8	static
drive.c:288:6:rotate_R90	16	static
drive.c:318:6:rotate_L90	16	static
drive.c:348:6:rotate_180	16	static
drive.c:378:6:slalom_R90	8	static
drive.c:435:6:slalom_L90	8	static
drive.c:495:6:init_test	32	static
drive.c:587:6:slalom_test	32	static
drive.c:672:6:test_select	16	static
drive.c:728:6:simple_run	16	static
drive.c:849:6:slalom_run	16	static
drive.c:990:6:sample_course_run	16	static
drive.c:1104:6:perfect_run	16	static
drive.c:1243:6:perfect_slalom	16	static
