drive.c:11:6:drive_init	4	static
drive.c:22:6:drive_start	4	static
drive.c:37:6:drive_stop	4	static
drive.c:51:6:drive_dir	16	static
drive.c:94:6:driveA	24	static
drive.c:119:6:driveD	32	static
drive.c:152:6:driveU	16	static
drive.c:171:6:driveC	16	static
drive.c:192:6:half_sectionA	8	static
drive.c:209:6:half_sectionD	8	static
drive.c:225:6:one_section	8	static
drive.c:238:6:one_sectionA	8	static
drive.c:256:6:one_sectionD	8	static
drive.c:274:6:one_sectionU	8	static
drive.c:290:6:rotate_R90	16	static
drive.c:320:6:rotate_L90	16	static
drive.c:350:6:rotate_180	16	static
drive.c:380:6:slalom_R90	8	static
drive.c:437:6:slalom_L90	8	static
drive.c:497:6:init_test	32	static
drive.c:589:6:slalom_test	32	static
drive.c:674:6:test_select	16	static
drive.c:730:6:simple_run	16	static
drive.c:851:6:slalom_run	16	static
drive.c:992:6:sample_course_run	16	static
drive.c:1106:6:perfect_run	16	static
drive.c:1245:6:perfect_slalom	16	static
