drive.c:11:6:drive_init	4	static
drive.c:22:6:drive_ready	8	static
drive.c:41:6:drive_start	4	static
drive.c:55:6:drive_stop	4	static
drive.c:69:6:control_start	4	static
drive.c:81:6:control_stop	4	static
drive.c:93:6:drive_dir	16	static
drive.c:136:6:driveA	24	static
drive.c:158:6:driveD	32	static
drive.c:187:6:driveU	16	static
drive.c:210:6:driveC	16	static
drive.c:244:6:driveC2	16	static
drive.c:278:6:set_position	8	static
drive.c:292:6:start_sectionA	8	static
drive.c:311:6:half_sectionA	8	static
drive.c:325:6:half_sectionD	8	static
drive.c:338:6:start_sectionA2	8	static
drive.c:357:6:half_sectionA2	8	static
drive.c:371:6:half_sectionD2	8	static
drive.c:384:6:half_sectionA3	8	static
drive.c:398:6:half_sectionD3	8	static
drive.c:411:6:half_sectionU	8	static
drive.c:424:6:half_sectionV	8	static
drive.c:437:6:one_section	8	static
drive.c:450:6:one_sectionA	8	static
drive.c:464:6:one_sectionD	8	static
drive.c:478:6:one_sectionA2	8	static
drive.c:492:6:one_sectionD2	8	static
drive.c:506:6:one_sectionU	8	static
drive.c:520:6:rotate_R90	16	static
drive.c:553:6:rotate_L90	16	static
drive.c:586:6:rotate_180	16	static
drive.c:622:6:slalom_R90	8	static
drive.c:681:6:slalom_L90	8	static
drive.c:739:6:slalom_R902	8	static
drive.c:796:6:slalom_L902	16	static
drive.c:852:6:Lslalom_R90	8	static
drive.c:909:6:Lslalom_L90	8	static
drive.c:966:6:Lslalom_R902	8	static
drive.c:1023:6:Lslalom_L902	8	static
drive.c:1080:6:Lslalom_R903	8	static
drive.c:1137:6:Lslalom_L903	8	static
drive.c:1194:6:Lslalom_R180	8	static
drive.c:1252:6:Lslalom_L180	8	static
drive.c:1310:6:Lslalom_R1802	8	static
drive.c:1368:6:Lslalom_L1802	8	static
drive.c:1426:6:v_R45	8	static
drive.c:1480:6:v_L45	8	static
drive.c:1534:6:v_R90	8	static
drive.c:1588:6:v_L90	8	static
drive.c:1642:6:v_R135	8	static
drive.c:1696:6:v_L135	8	static
drive.c:1753:6:test_select	16	static
drive.c:1808:6:init_test	32	static
drive.c:1905:6:slalom_test	80	static
drive.c:2141:6:v_test	40	static
drive.c:2267:6:pass_test	16	static
drive.c:2464:6:simple_run	16	static
drive.c:2587:6:slalom_run	16	static
drive.c:2820:6:sample_course_run	16	static
drive.c:2971:6:perfect_run	16	static
drive.c:3113:6:perfect_slalom	32	static
