drive.c:11:6:drive_init	4	static
drive.c:23:6:drive_ready	8	static
drive.c:42:6:drive_start	4	static
drive.c:56:6:drive_stop	4	static
drive.c:70:6:control_start	4	static
drive.c:82:6:control_stop	4	static
drive.c:94:6:drive_dir	16	static
drive.c:137:6:run_select	16	static
drive.c:174:6:driveA	24	static
drive.c:194:6:driveD	32	static
drive.c:224:6:driveU	16	static
drive.c:247:6:driveC	16	static
drive.c:267:6:driveC2	16	static
drive.c:287:6:slalomF	24	static
drive.c:313:6:slalomR	32	static
drive.c:360:6:slalomB	16	static
drive.c:380:6:set_position	8	static
drive.c:395:6:set_positionF	8	static
drive.c:416:6:start_sectionA	8	static
drive.c:463:6:half_sectionA	8	static
drive.c:485:6:half_sectionD	8	static
drive.c:532:6:half_sectionVA	8	static
drive.c:554:6:half_sectionVD	8	static
drive.c:576:6:half_sectionU	8	static
drive.c:589:6:half_sectionV	8	static
drive.c:602:6:one_section	8	static
drive.c:615:6:one_sectionA	8	static
drive.c:637:6:one_sectionD	8	static
drive.c:659:6:one_sectionVA	8	static
drive.c:680:6:one_sectionVD	8	static
drive.c:701:6:one_sectionU	8	static
drive.c:715:6:rotate_R90	16	static
drive.c:748:6:rotate_L90	16	static
drive.c:781:6:rotate_180	16	static
drive.c:817:6:slalom_R90	16	static
drive.c:880:6:slalom_L90	16	static
drive.c:943:6:Lslalom_R90	16	static
drive.c:1005:6:Lslalom_L90	16	static
drive.c:1111:6:Lslalom_R180	16	static
drive.c:1178:6:Lslalom_L180	16	static
drive.c:1245:6:v_R45	16	static
drive.c:1337:6:v_L45	16	static
drive.c:1429:6:v_R45D	16	static
drive.c:1486:6:v_L45D	16	static
drive.c:1543:6:v_R90	16	static
drive.c:1590:6:v_L90	16	static
drive.c:1637:6:v_R135	16	static
drive.c:1729:6:v_L135	16	static
drive.c:1821:6:v_R135D	16	static
drive.c:1878:6:v_L135D	16	static
drive.c:1938:6:test_select	16	static
drive.c:1997:6:init_test	32	static
drive.c:2095:6:slalom_test	64	static
drive.c:2295:6:v_test	80	static
drive.c:2536:6:pass_test	16	static
drive.c:2801:6:goal_test	16	static
drive.c:3060:6:sample_course_run	16	static
drive.c:3201:6:simple_run	16	static
drive.c:3323:6:slalom_run	16	static
drive.c:3567:6:perfect_run	16	static
drive.c:3717:6:perfect_slalom	16	static
drive.c:3918:6:perfect_pass	16	static
