drive.c:11:6:drive_init	4	static
drive.c:22:6:drive_start	4	static
drive.c:38:6:drive_stop	4	static
drive.c:53:6:control_start	4	static
drive.c:67:6:control_stop	4	static
drive.c:81:6:drive_dir	16	static
drive.c:124:6:driveA	24	static
drive.c:149:6:driveD	32	static
drive.c:182:6:driveU	16	static
drive.c:201:6:driveC	16	static
drive.c:235:6:start_sectionA	8	static
drive.c:254:6:half_sectionA	8	static
drive.c:268:6:half_sectionD	8	static
drive.c:281:6:one_section	8	static
drive.c:294:6:one_sectionA	8	static
drive.c:308:6:one_sectionD	8	static
drive.c:322:6:one_sectionU	8	static
drive.c:336:6:rotate_R90	16	static
drive.c:367:6:rotate_L90	16	static
drive.c:398:6:rotate_180	16	static
drive.c:429:6:slalom_R90	8	static
drive.c:495:6:slalom_L90	8	static
drive.c:562:6:slalom_R902	8	static
drive.c:628:6:slalom_L902	8	static
drive.c:698:6:init_test	32	static
drive.c:791:6:slalom_test	48	static
drive.c:938:6:test_select	16	static
drive.c:994:6:simple_run	16	static
drive.c:1115:6:slalom_run	16	static
drive.c:1279:6:sample_course_run	16	static
drive.c:1390:6:perfect_run	16	static
drive.c:1529:6:perfect_slalom	16	static
