drive.c:11:6:drive_init	4	static
drive.c:22:6:drive_ready	8	static
drive.c:41:6:drive_start	4	static
drive.c:55:6:drive_stop	4	static
drive.c:69:6:control_start	4	static
drive.c:81:6:control_stop	4	static
drive.c:93:6:drive_dir	16	static
drive.c:136:6:run_select	16	static
drive.c:173:6:driveA	24	static
drive.c:195:6:driveD	32	static
drive.c:224:6:driveU	16	static
drive.c:247:6:driveC	16	static
drive.c:267:6:driveC2	16	static
drive.c:287:6:slalomF	24	static
drive.c:313:6:slalomR	24	static
drive.c:360:6:slalomB	16	static
drive.c:380:6:set_position	8	static
drive.c:396:6:set_positionF	8	static
drive.c:419:6:start_sectionA	8	static
drive.c:466:6:half_sectionA	8	static
drive.c:488:6:half_sectionD	8	static
drive.c:535:6:half_sectionU	8	static
drive.c:548:6:half_sectionV	8	static
drive.c:561:6:one_section	8	static
drive.c:574:6:one_sectionA	8	static
drive.c:596:6:one_sectionD	8	static
drive.c:626:6:one_sectionVA	8	static
drive.c:647:6:one_sectionVD	8	static
drive.c:676:6:one_sectionU	8	static
drive.c:690:6:rotate_R90	16	static
drive.c:723:6:rotate_L90	16	static
drive.c:756:6:rotate_180	16	static
drive.c:792:6:slalom_R90	16	static
drive.c:845:6:slalom_L90	16	static
drive.c:898:6:Lslalom_R90	16	static
drive.c:950:6:Lslalom_L90	16	static
drive.c:1046:6:Lslalom_R180	16	static
drive.c:1102:6:Lslalom_L180	16	static
drive.c:1158:6:v_R45	16	static
drive.c:1234:6:v_L45	16	static
drive.c:1311:6:v_R45D	16	static
drive.c:1357:6:v_L45D	16	static
drive.c:1403:6:v_R90	16	static
drive.c:1443:6:v_L90	16	static
drive.c:1483:6:v_R135	16	static
drive.c:1559:6:v_L135	16	static
drive.c:1635:6:v_R135D	16	static
drive.c:1683:6:v_L135D	16	static
drive.c:1736:6:test_select	16	static
drive.c:1791:6:init_test	32	static
drive.c:1893:6:slalom_test	64	static
drive.c:2093:6:v_test	80	static
drive.c:2324:6:pass_test	16	static
drive.c:2508:6:simple_run	16	static
drive.c:2634:6:slalom_run	16	static
drive.c:2886:6:sample_course_run	16	static
drive.c:3048:6:perfect_run	16	static
drive.c:3198:6:perfect_slalom	16	static
drive.c:3412:6:perfect_pass	16	static
