drive.c:11:6:drive_init	4	static
drive.c:22:6:drive_ready	8	static
drive.c:41:6:drive_start	4	static
drive.c:57:6:drive_stop	4	static
drive.c:72:6:control_start	4	static
drive.c:86:6:control_stop	4	static
drive.c:100:6:drive_dir	16	static
drive.c:143:6:driveA	24	static
drive.c:168:6:driveD	32	static
drive.c:201:6:driveU	16	static
drive.c:227:6:driveC	16	static
drive.c:261:6:driveC2	16	static
drive.c:295:6:set_position	8	static
drive.c:308:6:start_sectionA	8	static
drive.c:327:6:half_sectionA	8	static
drive.c:341:6:half_sectionD	8	static
drive.c:354:6:start_sectionA2	8	static
drive.c:373:6:half_sectionA2	8	static
drive.c:387:6:half_sectionD2	8	static
drive.c:400:6:one_section	8	static
drive.c:413:6:one_sectionA	8	static
drive.c:427:6:one_sectionD	8	static
drive.c:441:6:one_sectionA2	8	static
drive.c:455:6:one_sectionD2	8	static
drive.c:469:6:one_sectionU	8	static
drive.c:483:6:rotate_R90	16	static
drive.c:514:6:rotate_L90	16	static
drive.c:545:6:rotate_180	16	static
drive.c:576:6:slalom_R90	8	static
drive.c:641:6:slalom_L90	8	static
drive.c:709:6:slalom_R902	8	static
drive.c:775:6:slalom_L902	8	static
drive.c:842:6:v_R45	8	static
drive.c:913:6:v_L45	8	static
drive.c:984:6:v_R90	8	static
drive.c:1055:6:v_L90	8	static
drive.c:1126:6:v_R135	8	static
drive.c:1197:6:v_L135	8	static
drive.c:1271:6:init_test	32	static
drive.c:1367:6:slalom_test	48	static
drive.c:1503:6:v_test	16	static
drive.c:1569:6:test_select	16	static
drive.c:1627:6:simple_run	16	static
drive.c:1750:6:slalom_run	16	static
drive.c:1957:6:sample_course_run	16	static
drive.c:2108:6:perfect_run	16	static
drive.c:2250:6:perfect_slalom	32	static
