drive.c:11:6:drive_init	4	static
drive.c:22:6:drive_ready	8	static
drive.c:41:6:drive_start	4	static
drive.c:55:6:drive_stop	4	static
drive.c:69:6:control_start	4	static
drive.c:81:6:control_stop	4	static
drive.c:93:6:drive_dir	16	static
drive.c:136:6:driveA	24	static
drive.c:158:6:driveD	32	static
drive.c:187:6:driveU	16	static
drive.c:210:6:driveC	16	static
drive.c:230:6:driveC2	16	static
drive.c:250:6:set_position	8	static
drive.c:266:6:start_sectionA	8	static
drive.c:287:6:start_sectionA2	8	static
drive.c:308:6:half_sectionA	8	static
drive.c:322:6:half_sectionD	8	static
drive.c:335:6:half_sectionA2	8	static
drive.c:348:6:half_sectionD2	8	static
drive.c:360:6:half_sectionA3	8	static
drive.c:373:6:half_sectionD3	8	static
drive.c:385:6:half_sectionU	8	static
drive.c:398:6:half_sectionV	8	static
drive.c:411:6:one_section	8	static
drive.c:424:6:one_sectionA	8	static
drive.c:438:6:one_sectionD	8	static
drive.c:452:6:one_sectionVA	8	static
drive.c:465:6:one_sectionVD	8	static
drive.c:478:6:one_sectionA2	8	static
drive.c:492:6:one_sectionD2	8	static
drive.c:506:6:one_sectionVA2	8	static
drive.c:519:6:one_sectionVD2	8	static
drive.c:532:6:one_sectionU	8	static
drive.c:546:6:rotate_R90	16	static
drive.c:579:6:rotate_L90	16	static
drive.c:612:6:rotate_180	16	static
drive.c:648:6:slalom_R90	8	static
drive.c:717:6:slalom_L90	8	static
drive.c:785:6:slalom_R902	8	static
drive.c:854:6:slalom_L902	8	static
drive.c:923:6:Lslalom_R90	8	static
drive.c:985:6:Lslalom_L90	8	static
drive.c:1047:6:Lslalom_R902	8	static
drive.c:1109:6:Lslalom_L902	8	static
drive.c:1171:6:Lslalom_R903	8	static
drive.c:1234:6:Lslalom_L903	8	static
drive.c:1297:6:Lslalom_R180	8	static
drive.c:1360:6:Lslalom_L180	8	static
drive.c:1423:6:Lslalom_R1802	8	static
drive.c:1486:6:Lslalom_L1802	8	static
drive.c:1549:6:v_R45	8	static
drive.c:1616:6:v_L45	8	static
drive.c:1684:6:v_R45D	8	static
drive.c:1763:6:v_L45D	8	static
drive.c:1842:6:v_R452	8	static
drive.c:1909:6:v_L452	8	static
drive.c:1976:6:v_R45D2	8	static
drive.c:2055:6:v_L45D2	8	static
drive.c:2134:6:v_R90	8	static
drive.c:2192:6:v_L90	8	static
drive.c:2250:6:v_R902	8	static
drive.c:2308:6:v_L902	8	static
drive.c:2366:6:v_R135	8	static
drive.c:2433:6:v_L135	8	static
drive.c:2500:6:v_R135D	8	static
drive.c:2579:6:v_L135D	8	static
drive.c:2658:6:v_R1352	8	static
drive.c:2725:6:v_L1352	8	static
drive.c:2792:6:v_R135D2	8	static
drive.c:2871:6:v_L135D2	8	static
drive.c:2953:6:test_select	16	static
drive.c:3008:6:init_test	32	static
drive.c:3110:6:slalom_test	80	static
drive.c:3366:6:v_test	96	static
drive.c:3665:6:pass_test	16	static
drive.c:3844:6:simple_run	16	static
drive.c:3967:6:slalom_run	16	static
drive.c:4207:6:sample_course_run	16	static
drive.c:4369:6:perfect_run	16	static
drive.c:4515:6:perfect_slalom	16	static
drive.c:4719:6:perfect_pass	24	static
