main.c:93:5:__io_putchar	24	static
main.c:102:6:HAL_TIM_PeriodElapsedCallback	64	static
main.c:383:5:main	24	static
main.c:533:6:SystemClock_Config	88	static
main.c:577:13:MX_ADC1_Init	24	static
main.c:627:13:MX_SPI3_Init	8	static
main.c:665:13:MX_TIM2_Init	64	static
main.c:728:13:MX_TIM3_Init	64	static
main.c:787:13:MX_TIM4_Init	56	static
main.c:836:13:MX_TIM6_Init	16	static
main.c:874:13:MX_TIM8_Init	56	static
main.c:924:13:MX_USART1_UART_Init	8	static
main.c:957:13:MX_GPIO_Init	48	static
main.c:1028:6:buzzer	48	static
main.c:1043:5:get_adc_value	32	static
main.c:1059:6:led_write	16	static
main.c:1074:6:Error_Handler	4	static
