main.c:93:5:__io_putchar	24	static
main.c:102:6:HAL_TIM_PeriodElapsedCallback	64	static
main.c:318:5:main	56	static
main.c:454:6:SystemClock_Config	88	static
main.c:498:13:MX_ADC1_Init	24	static
main.c:548:13:MX_SPI3_Init	8	static
main.c:586:13:MX_TIM2_Init	64	static
main.c:649:13:MX_TIM3_Init	64	static
main.c:708:13:MX_TIM4_Init	56	static
main.c:757:13:MX_TIM6_Init	16	static
main.c:795:13:MX_TIM8_Init	56	static
main.c:845:13:MX_USART1_UART_Init	8	static
main.c:878:13:MX_GPIO_Init	48	static
main.c:949:6:buzzer	48	static
main.c:964:5:get_adc_value	32	static
main.c:980:6:led_write	16	static
main.c:995:6:Error_Handler	4	static
