search.c:4:6:search_init	8	static
search.c:28:6:searchA	8	static
search.c:96:6:searchB	8	static
search.c:172:6:searchC	24	static
search.c:272:6:searchC2	8	static
search.c:348:6:searchD	8	static
search.c:436:6:searchD2	8	static
search.c:524:6:searchE	16	static
search.c:620:6:searchF	16	static
search.c:789:6:searchF2	16	static
search.c:962:6:searchF3	16	static
search.c:1067:6:searchF32	16	static
search.c:1172:6:searchF4	16	static
search.c:1337:6:adv_pos	4	static
search.c:1362:6:adv_pos2	24	static
search.c:1564:6:conf_route	8	static
search.c:1584:6:map_Init	16	static
search.c:1615:6:write_map	16	static
search.c:1668:6:turn_dir	24	static
search.c:1701:6:make_smap	56	static
search.c:1824:6:make_route	16	static
search.c:1948:6:find_pregoal	24	static
search.c:2052:6:make_smap2	24	static
search.c:2122:6:pass_route	16	static
search.c:2353:6:pass_route2	16	static
search.c:2420:6:pass_route3	16	static
search.c:2575:6:store_map_in_eeprom	16	static
search.c:2596:6:load_map_from_eeprom	16	static
