search.c:4:6:search_init	8	static
search.c:28:6:searchA	8	static
search.c:96:6:searchB	8	static
search.c:172:6:searchC	24	static
search.c:348:6:searchD	8	static
search.c:521:6:searchE	16	static
search.c:617:6:searchF	16	static
search.c:786:6:searchF2	16	static
search.c:959:6:searchF3	16	static
search.c:1064:6:searchF4	16	static
search.c:1241:6:adv_pos	4	static
search.c:1266:6:adv_pos2	24	static
search.c:1468:6:conf_route	8	static
search.c:1488:6:map_Init	16	static
search.c:1519:6:write_map	16	static
search.c:1572:6:turn_dir	24	static
search.c:1605:6:make_smap	56	static
search.c:1728:6:make_route	16	static
search.c:1852:6:find_pregoal	24	static
search.c:1956:6:make_smap2	24	static
search.c:2026:6:pass_route	16	static
search.c:2257:6:pass_route2	16	static
search.c:2324:6:pass_route3	16	static
search.c:2479:6:store_map_in_eeprom	16	static
search.c:2500:6:load_map_from_eeprom	16	static
