search.c:4:6:search_init	8	static
search.c:28:6:searchA	8	static
search.c:96:6:searchB	8	static
search.c:172:6:searchC	8	static
search.c:242:6:searchC2	8	static
search.c:315:6:searchD	8	static
search.c:400:6:searchD2	8	static
search.c:485:6:searchE	16	static
search.c:581:6:searchF	16	static
search.c:750:6:searchF2	16	static
search.c:923:6:searchF3	16	static
search.c:1025:6:searchF32	16	static
search.c:1127:6:searchF4	16	static
search.c:1290:6:adv_pos	4	static
search.c:1315:6:adv_pos2	24	static
search.c:1517:6:conf_route	8	static
search.c:1537:6:map_Init	16	static
search.c:1568:6:write_map	16	static
search.c:1621:6:turn_dir	16	static
search.c:1653:6:make_smap	56	static
search.c:1776:6:make_route	16	static
search.c:1900:6:find_pregoal	24	static
search.c:2004:6:make_smap2	24	static
search.c:2074:6:pass_route	16	static
search.c:2305:6:pass_route2	16	static
search.c:2372:6:pass_route3	16	static
search.c:2533:6:store_map_in_eeprom	16	static
search.c:2554:6:load_map_from_eeprom	16	static
