search.c:4:6:search_init	8	static
search.c:28:6:searchA	8	static
search.c:96:6:searchB	8	static
search.c:172:6:searchC	24	static
search.c:298:6:searchC2	24	static
search.c:422:6:searchD	16	static
search.c:518:6:searchE	16	static
search.c:952:6:searchF3	24	static
search.c:1062:6:searchF4	24	static
search.c:1249:6:adv_pos	4	static
search.c:1274:6:adv_pos2	24	static
search.c:1476:6:conf_route	8	static
search.c:1496:6:map_Init	16	static
search.c:1527:6:write_map	16	static
search.c:1580:6:turn_dir	16	static
search.c:1612:6:make_smap	64	static
search.c:1742:6:make_route	16	static
search.c:1865:6:find_pregoal	24	static
search.c:1969:6:make_smap2	24	static
search.c:2270:6:pass_route2	16	static
search.c:2337:6:pass_route3	16	static
search.c:2492:6:store_map_in_eeprom	16	static
search.c:2513:6:load_map_from_eeprom	16	static
