search.c:4:6:search_init	8	static
search.c:28:6:searchA	8	static
search.c:96:6:searchB	8	static
search.c:172:6:searchC	8	static
search.c:242:6:searchC2	8	static
search.c:315:6:searchD	8	static
search.c:400:6:searchD2	8	static
search.c:485:6:searchE	16	static
search.c:577:6:adv_pos	4	static
search.c:602:6:conf_route	8	static
search.c:622:6:map_Init	16	static
search.c:653:6:write_map	16	static
search.c:706:6:turn_dir	16	static
search.c:722:6:make_smap	56	static
search.c:845:6:make_route	16	static
search.c:956:6:find_pregoal	24	static
search.c:1060:6:make_smap2	24	static
search.c:1130:6:store_map_in_eeprom	16	static
search.c:1151:6:load_map_from_eeprom	16	static
