search.c:4:6:search_init	8	static
search.c:28:6:searchA	8	static
search.c:96:6:searchB	8	static
search.c:172:6:searchC	24	static
search.c:275:6:searchD	8	static
search.c:363:6:searchE	16	static
search.c:459:6:searchF	16	static
search.c:628:6:searchF2	16	static
search.c:801:6:searchF3	16	static
search.c:906:6:searchF4	16	static
search.c:1084:6:adv_pos	4	static
search.c:1109:6:adv_pos2	24	static
search.c:1311:6:conf_route	8	static
search.c:1331:6:map_Init	16	static
search.c:1362:6:write_map	16	static
search.c:1415:6:turn_dir	24	static
search.c:1448:6:make_smap	56	static
search.c:1571:6:make_route	16	static
search.c:1695:6:find_pregoal	24	static
search.c:1799:6:make_smap2	24	static
search.c:1869:6:pass_route	16	static
search.c:2100:6:pass_route2	16	static
search.c:2167:6:pass_route3	16	static
search.c:2322:6:store_map_in_eeprom	16	static
search.c:2343:6:load_map_from_eeprom	16	static
