search.c:4:6:search_init	8	static
search.c:28:6:searchA	8	static
search.c:96:6:searchB	8	static
search.c:172:6:searchC	8	static
search.c:241:6:searchC2	8	static
search.c:314:6:searchD	8	static
search.c:399:6:searchD2	8	static
search.c:484:6:searchE	16	static
search.c:579:6:searchF	16	static
search.c:748:6:searchF2	16	static
search.c:921:6:searchF3	16	static
search.c:1023:6:searchF4	16	static
search.c:1164:6:adv_pos	4	static
search.c:1189:6:adv_pos2	24	static
search.c:1391:6:conf_route	8	static
search.c:1411:6:map_Init	16	static
search.c:1442:6:write_map	16	static
search.c:1495:6:turn_dir	16	static
search.c:1527:6:make_smap	56	static
search.c:1650:6:make_route	16	static
search.c:1767:6:find_pregoal	24	static
search.c:1871:6:make_smap2	24	static
search.c:1941:6:pass_route	16	static
search.c:2172:6:pass_route2	16	static
search.c:2239:6:pass_route3	16	static
search.c:2367:6:store_map_in_eeprom	16	static
search.c:2388:6:load_map_from_eeprom	16	static
