search.c:4:6:search_init	8	static
search.c:28:6:searchA	8	static
search.c:96:6:searchB	8	static
search.c:172:6:searchC	24	static
search.c:277:6:searchD	8	static
search.c:365:6:searchE	16	static
search.c:457:6:searchF	16	static
search.c:626:6:searchF2	16	static
search.c:799:6:searchF3	16	static
search.c:904:6:searchF4	16	static
search.c:1082:6:adv_pos	4	static
search.c:1107:6:adv_pos2	24	static
search.c:1309:6:conf_route	8	static
search.c:1329:6:map_Init	16	static
search.c:1360:6:write_map	16	static
search.c:1413:6:turn_dir	24	static
search.c:1446:6:make_smap	56	static
search.c:1577:6:make_route	16	static
search.c:1700:6:find_pregoal	24	static
search.c:1804:6:make_smap2	24	static
search.c:1874:6:pass_route	16	static
search.c:2105:6:pass_route2	16	static
search.c:2172:6:pass_route3	16	static
search.c:2327:6:store_map_in_eeprom	16	static
search.c:2348:6:load_map_from_eeprom	16	static
