search.c:4:6:search_init	8	static
search.c:28:6:searchA	8	static
search.c:96:6:searchB	8	static
search.c:172:6:searchC	24	static
search.c:299:6:searchC2	24	static
search.c:423:6:searchD	16	static
search.c:519:6:searchE	16	static
search.c:953:6:searchF3	24	static
search.c:1063:6:searchF4	24	static
search.c:1250:6:adv_pos	4	static
search.c:1275:6:adv_pos2	24	static
search.c:1477:6:conf_route	8	static
search.c:1497:6:map_Init	16	static
search.c:1528:6:write_map	16	static
search.c:1581:6:turn_dir	16	static
search.c:1613:6:make_smap	64	static
search.c:1743:6:make_route	16	static
search.c:1868:6:find_pregoal	24	static
search.c:1972:6:make_smap2	24	static
search.c:2273:6:pass_route2	16	static
search.c:2340:6:pass_route3	16	static
search.c:2495:6:store_map_in_eeprom	16	static
search.c:2516:6:load_map_from_eeprom	16	static
