search.c:4:6:search_init	8	static
search.c:28:6:searchA	8	static
search.c:96:6:searchB	8	static
search.c:172:6:searchC	24	static
search.c:280:6:searchC2	24	static
search.c:391:6:searchD	16	static
search.c:486:6:searchE	16	static
search.c:920:6:searchF3	24	static
search.c:1031:6:searchF4	24	static
search.c:1216:6:adv_pos	4	static
search.c:1241:6:adv_pos2	24	static
search.c:1443:6:conf_route	8	static
search.c:1463:6:map_Init	16	static
search.c:1494:6:write_map	16	static
search.c:1547:6:turn_dir	24	static
search.c:1580:6:make_smap	64	static
search.c:1716:6:make_route	16	static
search.c:1839:6:find_pregoal	24	static
search.c:1943:6:make_smap2	24	static
search.c:2013:6:pass_route	16	static
search.c:2244:6:pass_route2	16	static
search.c:2311:6:pass_route3	16	static
search.c:2466:6:store_map_in_eeprom	16	static
search.c:2487:6:load_map_from_eeprom	16	static
