search.c:4:6:search_init	8	static
search.c:28:6:searchA	8	static
search.c:96:6:searchB	8	static
search.c:172:6:searchC	24	static
search.c:274:6:searchC2	24	static
search.c:379:6:searchD	8	static
search.c:467:6:searchE	16	static
search.c:559:6:searchF	16	static
search.c:728:6:searchF2	16	static
search.c:901:6:searchF3	16	static
search.c:1006:6:searchF4	16	static
search.c:1184:6:adv_pos	4	static
search.c:1209:6:adv_pos2	24	static
search.c:1411:6:conf_route	8	static
search.c:1431:6:map_Init	16	static
search.c:1462:6:write_map	16	static
search.c:1515:6:turn_dir	24	static
search.c:1548:6:make_smap	56	static
search.c:1679:6:make_route	16	static
search.c:1802:6:find_pregoal	24	static
search.c:1906:6:make_smap2	24	static
search.c:1976:6:pass_route	16	static
search.c:2207:6:pass_route2	16	static
search.c:2274:6:pass_route3	16	static
search.c:2429:6:store_map_in_eeprom	16	static
search.c:2450:6:load_map_from_eeprom	16	static
