search.c:4:6:search_init	8	static
search.c:28:6:searchA	8	static
search.c:96:6:searchB	8	static
search.c:172:6:searchC	8	static
search.c:242:6:searchC2	8	static
search.c:315:6:searchD	8	static
search.c:400:6:searchD2	8	static
search.c:485:6:searchE	16	static
search.c:580:6:searchF	16	static
search.c:683:6:adv_pos	4	static
search.c:708:6:adv_pos2	24	static
search.c:909:6:conf_route	8	static
search.c:929:6:map_Init	16	static
search.c:960:6:write_map	16	static
search.c:1013:6:turn_dir	24	static
search.c:1031:6:make_smap	56	static
search.c:1154:6:make_route	16	static
search.c:1265:6:find_pregoal	24	static
search.c:1369:6:make_smap2	24	static
search.c:1439:6:pass_route	16	static
search.c:1609:6:store_map_in_eeprom	16	static
search.c:1630:6:load_map_from_eeprom	16	static
